Component: Arm Compiler for Embedded 6.19 Tool: armlink [5e73cb00]

==============================================================================

Section Cross References

    startup_stm32l053xx.o(STACK) refers (Special) to heapauxi.o(.text) for __use_two_region_memory
    startup_stm32l053xx.o(HEAP) refers (Special) to heapauxi.o(.text) for __use_two_region_memory
    startup_stm32l053xx.o(RESET) refers (Special) to heapauxi.o(.text) for __use_two_region_memory
    startup_stm32l053xx.o(RESET) refers to startup_stm32l053xx.o(STACK) for __initial_sp
    startup_stm32l053xx.o(RESET) refers to startup_stm32l053xx.o(.text) for Reset_Handler
    startup_stm32l053xx.o(RESET) refers to stm32l0xx_it.o(.text.NMI_Handler) for NMI_Handler
    startup_stm32l053xx.o(RESET) refers to stm32l0xx_it.o(.text.HardFault_Handler) for HardFault_Handler
    startup_stm32l053xx.o(RESET) refers to stm32l0xx_it.o(.text.SVC_Handler) for SVC_Handler
    startup_stm32l053xx.o(RESET) refers to stm32l0xx_it.o(.text.PendSV_Handler) for PendSV_Handler
    startup_stm32l053xx.o(RESET) refers to stm32l0xx_it.o(.text.SysTick_Handler) for SysTick_Handler
    startup_stm32l053xx.o(RESET) refers to stm32l0xx_it.o(.text.DMA1_Channel2_3_IRQHandler) for DMA1_Channel2_3_IRQHandler
    startup_stm32l053xx.o(.text) refers (Special) to heapauxi.o(.text) for __use_two_region_memory
    startup_stm32l053xx.o(.text) refers to system_stm32l0xx.o(.text.SystemInit) for SystemInit
    startup_stm32l053xx.o(.text) refers to __main.o(!!!main) for __main
    startup_stm32l053xx.o(.text) refers to startup_stm32l053xx.o(HEAP) for Heap_Mem
    startup_stm32l053xx.o(.text) refers to startup_stm32l053xx.o(STACK) for Stack_Mem
    main.o(.text) refers (Special) to _printf_percent.o(.ARM.Collect$$_printf_percent$$00000000) for _printf_percent
    main.o(.text) refers (Special) to _printf_d.o(.ARM.Collect$$_printf_percent$$00000009) for _printf_d
    main.o(.text) refers (Special) to _printf_f.o(.ARM.Collect$$_printf_percent$$00000003) for _printf_f
    main.o(.text) refers (Special) to _printf_dec.o(.text) for _printf_int_dec
    main.o(.text) refers (Special) to printf1.o(x$fpl$printf1) for _printf_fp_dec
    main.o(.text) refers (Special) to scanf1.o(x$fpl$scanf1) for _scanf_real
    main.o(.text.main) refers (Special) to _printf_percent.o(.ARM.Collect$$_printf_percent$$00000000) for _printf_percent
    main.o(.text.main) refers (Special) to _printf_d.o(.ARM.Collect$$_printf_percent$$00000009) for _printf_d
    main.o(.text.main) refers (Special) to _printf_f.o(.ARM.Collect$$_printf_percent$$00000003) for _printf_f
    main.o(.text.main) refers (Special) to _printf_dec.o(.text) for _printf_int_dec
    main.o(.text.main) refers (Special) to printf1.o(x$fpl$printf1) for _printf_fp_dec
    main.o(.text.main) refers (Special) to scanf1.o(x$fpl$scanf1) for _scanf_real
    main.o(.text.main) refers to stm32l0xx_hal.o(.text.HAL_Init) for HAL_Init
    main.o(.text.main) refers to rt_memclr.o(.text) for __aeabi_memclr4
    main.o(.text.main) refers to stm32l0xx_hal_rcc.o(.text.HAL_RCC_OscConfig) for HAL_RCC_OscConfig
    main.o(.text.main) refers to stm32l0xx_hal_rcc.o(.text.HAL_RCC_ClockConfig) for HAL_RCC_ClockConfig
    main.o(.text.main) refers to stm32l0xx_hal_rcc_ex.o(.text.HAL_RCCEx_PeriphCLKConfig) for HAL_RCCEx_PeriphCLKConfig
    main.o(.text.main) refers to stm32l0xx_hal_cortex.o(.text.HAL_NVIC_SetPriority) for HAL_NVIC_SetPriority
    main.o(.text.main) refers to stm32l0xx_hal_cortex.o(.text.HAL_NVIC_EnableIRQ) for HAL_NVIC_EnableIRQ
    main.o(.text.main) refers to stm32l0xx_hal_uart.o(.text.HAL_UART_Init) for HAL_UART_Init
    main.o(.text.main) refers to stm32l0xx_hal_uart.o(.text.HAL_UART_Receive_DMA) for HAL_UART_Receive_DMA
    main.o(.text.main) refers to __0sscanf.o(.text) for __0sscanf
    main.o(.text.main) refers to ffixi.o(.text) for __aeabi_f2iz
    main.o(.text.main) refers to aeabi_sdivfast.o(.text_divfast) for __aeabi_idiv
    main.o(.text.main) refers to fflti.o(.text) for __aeabi_i2f
    main.o(.text.main) refers to faddsub.o(x$fpl$fsub) for __aeabi_fsub
    main.o(.text.main) refers to faddsub.o(x$fpl$fadd) for __aeabi_fadd
    main.o(.text.main) refers to f2d.o(.text) for __aeabi_f2d
    main.o(.text.main) refers to noretval__2sprintf.o(.text) for __2sprintf
    main.o(.text.main) refers to strlen.o(.text) for strlen
    main.o(.text.main) refers to stm32l0xx_hal_uart.o(.text.HAL_UART_Transmit) for HAL_UART_Transmit
    main.o(.text.main) refers to stm32l0xx_hal.o(.text.HAL_Delay) for HAL_Delay
    main.o(.text.main) refers to strcpy.o(.text) for strcpy
    main.o(.text.main) refers to strstr.o(.text) for strstr
    main.o(.text.main) refers to main.o(.bss.huart1) for huart1
    main.o(.text.main) refers to main.o(.bss.huart2) for huart2
    main.o(.text.main) refers to main.o(.bss.Rxdata) for Rxdata
    main.o(.text.main) refers to main.o(.bss.Txdata) for Txdata
[...]
    .ARM.Collect$$_printf_percent$$00000017  0x08000152   Section        4  _printf_percent_end.o(.ARM.Collect$$_printf_percent$$00000017)
    .ARM.Collect$$libinit$$00000000          0x08000156   Section        2  libinit.o(.ARM.Collect$$libinit$$00000000)
    .ARM.Collect$$libinit$$00000002          0x08000158   Section        0  libinit2.o(.ARM.Collect$$libinit$$00000002)
    .ARM.Collect$$libinit$$00000004          0x08000158   Section        0  libinit2.o(.ARM.Collect$$libinit$$00000004)
    .ARM.Collect$$libinit$$00000006          0x08000158   Section        0  libinit2.o(.ARM.Collect$$libinit$$00000006)
    .ARM.Collect$$libinit$$0000000C          0x08000158   Section        0  libinit2.o(.ARM.Collect$$libinit$$0000000C)
    .ARM.Collect$$libinit$$0000000E          0x08000158   Section        0  libinit2.o(.ARM.Collect$$libinit$$0000000E)
    .ARM.Collect$$libinit$$00000010          0x08000158   Section        0  libinit2.o(.ARM.Collect$$libinit$$00000010)
    .ARM.Collect$$libinit$$00000011          0x08000158   Section        6  libinit2.o(.ARM.Collect$$libinit$$00000011)
    .ARM.Collect$$libinit$$00000013          0x0800015e   Section        0  libinit2.o(.ARM.Collect$$libinit$$00000013)
    .ARM.Collect$$libinit$$00000014          0x0800015e   Section       12  libinit2.o(.ARM.Collect$$libinit$$00000014)
    .ARM.Collect$$libinit$$00000015          0x0800016a   Section        0  libinit2.o(.ARM.Collect$$libinit$$00000015)
    .ARM.Collect$$libinit$$00000017          0x0800016a   Section        0  libinit2.o(.ARM.Collect$$libinit$$00000017)
    .ARM.Collect$$libinit$$00000018          0x0800016a   Section       10  libinit2.o(.ARM.Collect$$libinit$$00000018)
    .ARM.Collect$$libinit$$00000019          0x08000174   Section        0  libinit2.o(.ARM.Collect$$libinit$$00000019)
    .ARM.Collect$$libinit$$0000001B          0x08000174   Section        0  libinit2.o(.ARM.Collect$$libinit$$0000001B)
    .ARM.Collect$$libinit$$0000001D          0x08000174   Section        0  libinit2.o(.ARM.Collect$$libinit$$0000001D)
    .ARM.Collect$$libinit$$0000001F          0x08000174   Section        0  libinit2.o(.ARM.Collect$$libinit$$0000001F)
    .ARM.Collect$$libinit$$00000021          0x08000174   Section        0  libinit2.o(.ARM.Collect$$libinit$$00000021)
    .ARM.Collect$$libinit$$00000023          0x08000174   Section        0  libinit2.o(.ARM.Collect$$libinit$$00000023)
    .ARM.Collect$$libinit$$00000025          0x08000174   Section        0  libinit2.o(.ARM.Collect$$libinit$$00000025)
    .ARM.Collect$$libinit$$00000027          0x08000174   Section        0  libinit2.o(.ARM.Collect$$libinit$$00000027)
    .ARM.Collect$$libinit$$0000002E          0x08000174   Section        0  libinit2.o(.ARM.Collect$$libinit$$0000002E)
    .ARM.Collect$$libinit$$00000030          0x08000174   Section        0  libinit2.o(.ARM.Collect$$libinit$$00000030)
    .ARM.Collect$$libinit$$00000032          0x08000174   Section        0  libinit2.o(.ARM.Collect$$libinit$$00000032)
    .ARM.Collect$$libinit$$00000034          0x08000174   Section        0  libinit2.o(.ARM.Collect$$libinit$$00000034)
    .ARM.Collect$$libinit$$00000035          0x08000174   Section        2  libinit2.o(.ARM.Collect$$libinit$$00000035)
    .ARM.Collect$$libshutdown$$00000000      0x08000176   Section        2  libshutdown.o(.ARM.Collect$$libshutdown$$00000000)
    .ARM.Collect$$libshutdown$$00000002      0x08000178   Section        0  libshutdown2.o(.ARM.Collect$$libshutdown$$00000002)
    .ARM.Collect$$libshutdown$$00000004      0x08000178   Section        0  libshutdown2.o(.ARM.Collect$$libshutdown$$00000004)
    .ARM.Collect$$libshutdown$$00000007      0x08000178   Section        0  libshutdown2.o(.ARM.Collect$$libshutdown$$00000007)
    .ARM.Collect$$libshutdown$$0000000A      0x08000178   Section        0  libshutdown2.o(.ARM.Collect$$libshutdown$$0000000A)
    .ARM.Collect$$libshutdown$$0000000C      0x08000178   Section        0  libshutdown2.o(.ARM.Collect$$libshutdown$$0000000C)
    .ARM.Collect$$libshutdown$$0000000F      0x08000178   Section        0  libshutdown2.o(.ARM.Collect$$libshutdown$$0000000F)
    .ARM.Collect$$libshutdown$$00000010      0x08000178   Section        2  libshutdown2.o(.ARM.Collect$$libshutdown$$00000010)
    .ARM.Collect$$rtentry$$00000000          0x0800017a   Section        0  __rtentry.o(.ARM.Collect$$rtentry$$00000000)
    .ARM.Collect$$rtentry$$00000002          0x0800017a   Section        0  __rtentry2.o(.ARM.Collect$$rtentry$$00000002)
    .ARM.Collect$$rtentry$$00000004          0x0800017a   Section        6  __rtentry4.o(.ARM.Collect$$rtentry$$00000004)
    .ARM.Collect$$rtentry$$00000009          0x08000180   Section        0  __rtentry2.o(.ARM.Collect$$rtentry$$00000009)
    .ARM.Collect$$rtentry$$0000000A          0x08000180   Section        4  __rtentry2.o(.ARM.Collect$$rtentry$$0000000A)
    .ARM.Collect$$rtentry$$0000000C          0x08000184   Section        0  __rtentry2.o(.ARM.Collect$$rtentry$$0000000C)
    .ARM.Collect$$rtentry$$0000000D          0x08000184   Section        8  __rtentry2.o(.ARM.Collect$$rtentry$$0000000D)
    .ARM.Collect$$rtexit$$00000000           0x0800018c   Section        2  rtexit.o(.ARM.Collect$$rtexit$$00000000)
    .ARM.Collect$$rtexit$$00000002           0x0800018e   Section        0  rtexit2.o(.ARM.Collect$$rtexit$$00000002)
    .ARM.Collect$$rtexit$$00000003           0x0800018e   Section        4  rtexit2.o(.ARM.Collect$$rtexit$$00000003)
    .ARM.Collect$$rtexit$$00000004           0x08000192   Section        6  rtexit2.o(.ARM.Collect$$rtexit$$00000004)
    .text                                    0x08000198   Section       56  startup_stm32l053xx.o(.text)
    .text                                    0x080001d0   Section        0  lludiv.o(.text)
    .text                                    0x080002e0   Section        0  noretval__2sprintf.o(.text)
    .text                                    0x08000308   Section        0  __printf.o(.text)
    .text                                    0x08000374   Section        0  _printf_dec.o(.text)
    .text                                    0x080003e0   Section        0  __0sscanf.o(.text)
    .text                                    0x08000420   Section        0  strstr.o(.text)
    .text                                    0x08000448   Section        0  strcpy.o(.text)
    .text                                    0x08000494   Section        0  strlen.o(.text)
    .text                                    0x080004d8   Section        0  rt_memclr.o(.text)
    .text                                    0x08000518   Section      504  aeabi_sdivfast.o(.text)
    .text                                    0x08000710   Section        0  heapauxi.o(.text)
    .text                                    0x08000718   Section        0  f2d.o(.text)
    .text                                    0x0800076c   Section        0  ffixi.o(.text)
    .text                                    0x080007b8   Section        0  fflti.o(.text)
    .text                                    0x08000816   Section        0  _printf_intcommon.o(.text)
    _fp_digits                               0x080008c9   Thumb Code   412  _printf_fp_dec.o(.text)
    .text                                    0x080008c8   Section        0  _printf_fp_dec.o(.text)
    _printf_input_char                       0x08000cdd   Thumb Code    10  _printf_char_common.o(.text)
    .text                                    0x08000cdc   Section        0  _printf_char_common.o(.text)
    .text                                    0x08000d0c   Section        0  _sputc.o(.text)
    _fp_value                                0x08000d19   Thumb Code   602  scanf_fp.o(.text)
    .text                                    0x08000d18   Section        0  scanf_fp.o(.text)
    _scanf_char_input                        0x08001239   Thumb Code    12  scanf_char.o(.text)
    .text                                    0x08001238   Section        0  scanf_char.o(.text)
    .text                                    0x08001268   Section        0  _sgetc.o(.text)
    .text                                    0x080012ac   Section        0  rtudiv10.o(.text)
    .text                                    0x080012d4   Section        8  rt_locale_intlibspace.o(.text)
    .text                                    0x080012dc   Section        8  rt_errno_addr_intlibspace.o(.text)
    .text                                    0x080012e4   Section        0  llshl.o(.text)
    .text                                    0x08001304   Section        0  llmul.o(.text)
    .text                                    0x08001334   Section        0  lludiv10.o(.text)
    .text                                    0x080013ae   Section        0  isspace.o(.text)
    .text                                    0x080013c0   Section        0  _printf_fp_infnan.o(.text)
    .text                                    0x08001448   Section        0  _scanf.o(.text)
    .text                                    0x080017c8   Section        0  bigflt0.o(.text)
    .text                                    0x080018a0   Section        0  btod.o(.text)
    btod_internal_mul                        0x080018e1   Thumb Code   492  btod.o(.text)
    btod_internal_div                        0x08001acd   Thumb Code   520  btod.o(.text)
    .text                                    0x08001e20   Section        8  libspace.o(.text)
    .text                                    0x08001e28   Section       62  sys_stackheap_outer.o(.text)
    .text                                    0x08001e68   Section       16  rt_ctype_table.o(.text)
    .text                                    0x08001e78   Section        0  _rserrno.o(.text)
    .text                                    0x08001e90   Section        0  scanf_hexfp.o(.text)
    .text                                    0x080021c4   Section        0  scanf_infnan.o(.text)
    .text                                    0x08002300   Section        0  exit.o(.text)
    .text                                    0x08002310   Section      176  strcmpv6m.o(.text)
    .text                                    0x080023c0   Section        0  d2f.o(.text)
    .text                                    0x0800243c   Section        0  _chval.o(.text)
    .text                                    0x0800245c   Section        0  dcmpin.o(.text)
    .text                                    0x080024fc   Section        0  dscalbn.o(.text)
    .text                                    0x0800255c   Section        0  sys_exit.o(.text)
    .text                                    0x08002568   Section        0  cmpret.o(.text)
    .text                                    0x08002598   Section        0  dnan2.o(.text)
    .text                                    0x080025ac   Section        2  use_no_semi.o(.text)
    .text                                    0x080025ae   Section        0  indicate_semi.o(.text)
    .text                                    0x080025ae   Section        0  retnan.o(.text)
    [Anonymous Symbol]                       0x0800260c   Section        0  stm32l0xx_it.o(.text.DMA1_Channel2_3_IRQHandler)
    __arm_cp.5_0                             0x08002618   Number         4  stm32l0xx_it.o(.text.DMA1_Channel2_3_IRQHandler)
    [Anonymous Symbol]                       0x0800261c   Section        0  main.o(.text.Error_Handler)
    [Anonymous Symbol]                       0x08002624   Section        0  stm32l0xx_hal_dma.o(.text.HAL_DMA_IRQHandler)
    [Anonymous Symbol]                       0x080026f8   Section        0  stm32l0xx_hal_dma.o(.text.HAL_DMA_Init)
    __arm_cp.0_0                             0x0800278c   Number         4  stm32l0xx_hal_dma.o(.text.HAL_DMA_Init)
    __arm_cp.0_1                             0x08002790   Number         4  stm32l0xx_hal_dma.o(.text.HAL_DMA_Init)
    __arm_cp.0_2                             0x08002794   Number         4  stm32l0xx_hal_dma.o(.text.HAL_DMA_Init)
    __arm_cp.0_3                             0x08002798   Number         4  stm32l0xx_hal_dma.o(.text.HAL_DMA_Init)
    [Anonymous Symbol]                       0x0800279c   Section        0  stm32l0xx_hal_dma.o(.text.HAL_DMA_Start_IT)
    [Anonymous Symbol]                       0x08002820   Section        0  stm32l0xx_hal.o(.text.HAL_Delay)
    [Anonymous Symbol]                       0x08002840   Section        0  stm32l0xx_hal_gpio.o(.text.HAL_GPIO_Init)
    __arm_cp.0_0                             0x080029c4   Number         4  stm32l0xx_hal_gpio.o(.text.HAL_GPIO_Init)
    __arm_cp.0_1                             0x080029c8   Number         4  stm32l0xx_hal_gpio.o(.text.HAL_GPIO_Init)
    __arm_cp.0_3                             0x080029cc   Number         4  stm32l0xx_hal_gpio.o(.text.HAL_GPIO_Init)
    [Anonymous Symbol]                       0x080029d0   Section        0  stm32l0xx_hal.o(.text.HAL_GetTick)
    [Anonymous Symbol]                       0x080029d8   Section        0  stm32l0xx_hal.o(.text.HAL_IncTick)
    __arm_cp.5_1                             0x080029e8   Number         4  stm32l0xx_hal.o(.text.HAL_IncTick)
    [Anonymous Symbol]                       0x080029ec   Section        0  stm32l0xx_hal.o(.text.HAL_Init)
    __arm_cp.0_0                             0x08002a10   Number         4  stm32l0xx_hal.o(.text.HAL_Init)
    [Anonymous Symbol]                       0x08002a14   Section        0  stm32l0xx_hal.o(.text.HAL_InitTick)
    __arm_cp.1_0                             0x08002a50   Number         4  stm32l0xx_hal.o(.text.HAL_InitTick)
    __arm_cp.1_1                             0x08002a54   Number         4  stm32l0xx_hal.o(.text.HAL_InitTick)
    [Anonymous Symbol]                       0x08002a58   Section        0  stm32l0xx_hal_msp.o(.text.HAL_MspInit)
    __arm_cp.0_0                             0x08002a6c   Number         4  stm32l0xx_hal_msp.o(.text.HAL_MspInit)
    [Anonymous Symbol]                       0x08002a70   Section        0  stm32l0xx_hal_cortex.o(.text.HAL_NVIC_EnableIRQ)
    __arm_cp.1_0                             0x08002a84   Number         4  stm32l0xx_hal_cortex.o(.text.HAL_NVIC_EnableIRQ)
    [Anonymous Symbol]                       0x08002a88   Section        0  stm32l0xx_hal_cortex.o(.text.HAL_NVIC_SetPriority)
    __arm_cp.0_0                             0x08002ab8   Number         4  stm32l0xx_hal_cortex.o(.text.HAL_NVIC_SetPriority)
    __arm_cp.0_1                             0x08002abc   Number         4  stm32l0xx_hal_cortex.o(.text.HAL_NVIC_SetPriority)
    [Anonymous Symbol]                       0x08002ac0   Section        0  stm32l0xx_hal_rcc_ex.o(.text.HAL_RCCEx_PeriphCLKConfig)
    __arm_cp.0_0                             0x08002c94   Number         4  stm32l0xx_hal_rcc_ex.o(.text.HAL_RCCEx_PeriphCLKConfig)
    __arm_cp.0_1                             0x08002c98   Number         4  stm32l0xx_hal_rcc_ex.o(.text.HAL_RCCEx_PeriphCLKConfig)
    [Anonymous Symbol]                       0x08002c9c   Section        0  stm32l0xx_hal_rcc.o(.text.HAL_RCC_ClockConfig)
    __arm_cp.3_0                             0x08002eb4   Number         4  stm32l0xx_hal_rcc.o(.text.HAL_RCC_ClockConfig)
    __arm_cp.3_1                             0x08002eb8   Number         4  stm32l0xx_hal_rcc.o(.text.HAL_RCC_ClockConfig)
    __arm_cp.3_7                             0x08002ebc   Number         4  stm32l0xx_hal_rcc.o(.text.HAL_RCC_ClockConfig)
    __arm_cp.3_9                             0x08002ec0   Number         4  stm32l0xx_hal_rcc.o(.text.HAL_RCC_ClockConfig)
    [Anonymous Symbol]                       0x08002ec4   Section        0  stm32l0xx_hal_rcc.o(.text.HAL_RCC_GetPCLK1Freq)
    [Anonymous Symbol]                       0x08002ed8   Section        0  stm32l0xx_hal_rcc.o(.text.HAL_RCC_GetPCLK2Freq)
    __arm_cp.8_0                             0x08002eec   Number         4  stm32l0xx_hal_rcc.o(.text.HAL_RCC_GetPCLK2Freq)
    __arm_cp.8_1                             0x08002ef0   Number         4  stm32l0xx_hal_rcc.o(.text.HAL_RCC_GetPCLK2Freq)
    __arm_cp.8_2                             0x08002ef4   Number         4  stm32l0xx_hal_rcc.o(.text.HAL_RCC_GetPCLK2Freq)
    [Anonymous Symbol]                       0x08002ef8   Section        0  stm32l0xx_hal_rcc.o(.text.HAL_RCC_GetSysClockFreq)
    __arm_cp.2_1                             0x08002f5c   Number         4  stm32l0xx_hal_rcc.o(.text.HAL_RCC_GetSysClockFreq)
    __arm_cp.2_2                             0x08002f60   Number         4  stm32l0xx_hal_rcc.o(.text.HAL_RCC_GetSysClockFreq)
    __arm_cp.2_3                             0x08002f64   Number         4  stm32l0xx_hal_rcc.o(.text.HAL_RCC_GetSysClockFreq)
    __arm_cp.2_4                             0x08002f68   Number         4  stm32l0xx_hal_rcc.o(.text.HAL_RCC_GetSysClockFreq)
    [Anonymous Symbol]                       0x08002f6c   Section        0  stm32l0xx_hal_rcc.o(.text.HAL_RCC_OscConfig)
    __arm_cp.1_13                            0x080030fc   Number         4  stm32l0xx_hal_rcc.o(.text.HAL_RCC_OscConfig)
    __arm_cp.1_1                             0x080034c8   Number         4  stm32l0xx_hal_rcc.o(.text.HAL_RCC_OscConfig)
    __arm_cp.1_2                             0x080034cc   Number         4  stm32l0xx_hal_rcc.o(.text.HAL_RCC_OscConfig)
    __arm_cp.1_3                             0x080034d0   Number         4  stm32l0xx_hal_rcc.o(.text.HAL_RCC_OscConfig)
    __arm_cp.1_4                             0x080034d4   Number         4  stm32l0xx_hal_rcc.o(.text.HAL_RCC_OscConfig)
    __arm_cp.1_5                             0x080034d8   Number         4  stm32l0xx_hal_rcc.o(.text.HAL_RCC_OscConfig)
    __arm_cp.1_6                             0x080034dc   Number         4  stm32l0xx_hal_rcc.o(.text.HAL_RCC_OscConfig)
    __arm_cp.1_7                             0x080034e0   Number         4  stm32l0xx_hal_rcc.o(.text.HAL_RCC_OscConfig)
    __arm_cp.1_8                             0x080034e4   Number         4  stm32l0xx_hal_rcc.o(.text.HAL_RCC_OscConfig)
    __arm_cp.1_9                             0x080034e8   Number         4  stm32l0xx_hal_rcc.o(.text.HAL_RCC_OscConfig)
    __arm_cp.1_10                            0x080034ec   Number         4  stm32l0xx_hal_rcc.o(.text.HAL_RCC_OscConfig)
    [Anonymous Symbol]                       0x080034f0   Section        0  stm32l0xx_hal_cortex.o(.text.HAL_SYSTICK_Config)
    __arm_cp.4_0                             0x08003518   Number         4  stm32l0xx_hal_cortex.o(.text.HAL_SYSTICK_Config)
    __arm_cp.4_1                             0x0800351c   Number         4  stm32l0xx_hal_cortex.o(.text.HAL_SYSTICK_Config)
    __arm_cp.4_2                             0x08003520   Number         4  stm32l0xx_hal_cortex.o(.text.HAL_SYSTICK_Config)
    [Anonymous Symbol]                       0x08003524   Section        0  stm32l0xx_hal_uart.o(.text.HAL_UARTEx_RxEventCallback)
    [Anonymous Symbol]                       0x08003526   Section        0  stm32l0xx_hal_uart.o(.text.HAL_UART_ErrorCallback)
    [Anonymous Symbol]                       0x08003528   Section        0  stm32l0xx_hal_uart.o(.text.HAL_UART_Init)
    __arm_cp.0_0                             0x080035f0   Number         4  stm32l0xx_hal_uart.o(.text.HAL_UART_Init)
    [Anonymous Symbol]                       0x080035f4   Section        0  stm32l0xx_hal_msp.o(.text.HAL_UART_MspInit)
    __arm_cp.1_0                             0x080036b4   Number         4  stm32l0xx_hal_msp.o(.text.HAL_UART_MspInit)
    __arm_cp.1_1                             0x080036b8   Number         4  stm32l0xx_hal_msp.o(.text.HAL_UART_MspInit)
    __arm_cp.1_2                             0x080036bc   Number         4  stm32l0xx_hal_msp.o(.text.HAL_UART_MspInit)
    __arm_cp.1_3                             0x080036c0   Number         4  stm32l0xx_hal_msp.o(.text.HAL_UART_MspInit)
    __arm_cp.1_4                             0x080036c4   Number         4  stm32l0xx_hal_msp.o(.text.HAL_UART_MspInit)
    [Anonymous Symbol]                       0x080036c8   Section        0  stm32l0xx_hal_uart.o(.text.HAL_UART_Receive_DMA)
    __arm_cp.22_0                            0x080037d0   Number         4  stm32l0xx_hal_uart.o(.text.HAL_UART_Receive_DMA)
    __arm_cp.22_1                            0x080037d4   Number         4  stm32l0xx_hal_uart.o(.text.HAL_UART_Receive_DMA)
    __arm_cp.22_2                            0x080037d8   Number         4  stm32l0xx_hal_uart.o(.text.HAL_UART_Receive_DMA)
    __arm_cp.22_3                            0x080037dc   Number         4  stm32l0xx_hal_uart.o(.text.HAL_UART_Receive_DMA)
    [Anonymous Symbol]                       0x080037e0   Section        0  stm32l0xx_hal_uart.o(.text.HAL_UART_RxCpltCallback)
    [Anonymous Symbol]                       0x080037e2   Section        0  stm32l0xx_hal_uart.o(.text.HAL_UART_RxHalfCpltCallback)
    [Anonymous Symbol]                       0x080037e4   Section        0  stm32l0xx_hal_uart.o(.text.HAL_UART_Transmit)
    __arm_cp.10_0                            0x080038d8   Number         4  stm32l0xx_hal_uart.o(.text.HAL_UART_Transmit)
    [Anonymous Symbol]                       0x080038dc   Section        0  stm32l0xx_it.o(.text.HardFault_Handler)
    [Anonymous Symbol]                       0x080038de   Section        0  stm32l0xx_it.o(.text.NMI_Handler)
    [Anonymous Symbol]                       0x080038e0   Section        0  stm32l0xx_it.o(.text.PendSV_Handler)
    [Anonymous Symbol]                       0x080038e2   Section        0  stm32l0xx_it.o(.text.SVC_Handler)
    [Anonymous Symbol]                       0x080038e4   Section        0  stm32l0xx_it.o(.text.SysTick_Handler)
    [Anonymous Symbol]                       0x080038ec   Section        0  system_stm32l0xx.o(.text.SystemInit)
    [Anonymous Symbol]                       0x080038ee   Section        0  stm32l0xx_hal_uart.o(.text.UART_AdvFeatureConfig)
    UART_DMAError                            0x080039c1   Thumb Code   176  stm32l0xx_hal_uart.o(.text.UART_DMAError)
    [Anonymous Symbol]                       0x080039c0   Section        0  stm32l0xx_hal_uart.o(.text.UART_DMAError)
    UART_DMAReceiveCplt                      0x08003a71   Thumb Code   140  stm32l0xx_hal_uart.o(.text.UART_DMAReceiveCplt)
    [Anonymous Symbol]                       0x08003a70   Section        0  stm32l0xx_hal_uart.o(.text.UART_DMAReceiveCplt)
    UART_DMARxHalfCplt                       0x08003afd   Thumb Code    28  stm32l0xx_hal_uart.o(.text.UART_DMARxHalfCplt)
    [Anonymous Symbol]                       0x08003afc   Section        0  stm32l0xx_hal_uart.o(.text.UART_DMARxHalfCplt)
    [Anonymous Symbol]                       0x08003b18   Section        0  stm32l0xx_hal_uart.o(.text.UART_SetConfig)
    __arm_cp.2_0                             0x08003cd8   Number         4  stm32l0xx_hal_uart.o(.text.UART_SetConfig)
    __arm_cp.2_1                             0x08003cdc   Number         4  stm32l0xx_hal_uart.o(.text.UART_SetConfig)
    __arm_cp.2_2                             0x08003ce0   Number         4  stm32l0xx_hal_uart.o(.text.UART_SetConfig)
    __arm_cp.2_3                             0x08003ce4   Number         4  stm32l0xx_hal_uart.o(.text.UART_SetConfig)
    __arm_cp.2_4                             0x08003ce8   Number         4  stm32l0xx_hal_uart.o(.text.UART_SetConfig)
    __arm_cp.2_5                             0x08003cec   Number         4  stm32l0xx_hal_uart.o(.text.UART_SetConfig)
    __arm_cp.2_7                             0x08003d00   Number         4  stm32l0xx_hal_uart.o(.text.UART_SetConfig)
    __arm_cp.2_8                             0x08003d04   Number         4  stm32l0xx_hal_uart.o(.text.UART_SetConfig)
    __arm_cp.2_9                             0x08003d08   Number         4  stm32l0xx_hal_uart.o(.text.UART_SetConfig)
    __arm_cp.2_10                            0x08003d0c   Number         4  stm32l0xx_hal_uart.o(.text.UART_SetConfig)
    __arm_cp.2_11                            0x08003d10   Number         4  stm32l0xx_hal_uart.o(.text.UART_SetConfig)
    [Anonymous Symbol]                       0x08003d14   Section        0  stm32l0xx_hal_uart.o(.text.UART_WaitOnFlagUntilTimeout)
    [Anonymous Symbol]                       0x08003e4c   Section        0  main.o(.text.main)
    __arm_cp.0_0                             0x080040ec   Number         4  main.o(.text.main)
    __arm_cp.0_1                             0x080040f0   Number         4  main.o(.text.main)
    __arm_cp.0_2                             0x080040f4   Number         4  main.o(.text.main)
    __arm_cp.0_3                             0x080040f8   Number         4  main.o(.text.main)
    __arm_cp.0_4                             0x080040fc   Number         4  main.o(.text.main)
    __arm_cp.0_5                             0x08004100   Number         4  main.o(.text.main)
    __arm_cp.0_6                             0x08004104   Number         4  main.o(.text.main)
    __arm_cp.0_7                             0x08004108   Number         4  main.o(.text.main)
    __arm_cp.0_8                             0x0800410c   Number         4  main.o(.text.main)
    __arm_cp.0_9                             0x08004110   Number         4  main.o(.text.main)
    __arm_cp.0_10                            0x08004114   Number         4  main.o(.text.main)
    __arm_cp.0_11                            0x08004118   Number         4  main.o(.text.main)
    __arm_cp.0_12                            0x0800411c   Number         4  main.o(.text.main)
    __arm_cp.0_13                            0x08004120   Number         4  main.o(.text.main)
    __arm_cp.0_14                            0x08004124   Number         4  main.o(.text.main)
    .text_divfast                            0x08004128   Section      502  aeabi_sdivfast.o(.text_divfast)
    i.__ARM_common_ll_muluu                  0x0800431e   Section        0  btod.o(i.__ARM_common_ll_muluu)
    i.__ARM_fpclassify                       0x08004350   Section        0  fpclassify.o(i.__ARM_fpclassify)
    i.__mathlib_dbl_overflow                 0x0800437c   Section        0  dunder.o(i.__mathlib_dbl_overflow)
    i.__mathlib_dbl_underflow                0x08004390   Section        0  dunder.o(i.__mathlib_dbl_underflow)
    i.__mathlib_narrow                       0x080043a4   Section        0  narrow.o(i.__mathlib_narrow)
    i.__mathlib_tofloat                      0x080043b4   Section        0  narrow.o(i.__mathlib_tofloat)
    i.__support_ldexp                        0x0800447c   Section        0  ldexp.o(i.__support_ldexp)
    i._is_digit                              0x08004490   Section        0  __printf_wp.o(i._is_digit)
    i.frexp                                  0x080044a0   Section        0  frexp.o(i.frexp)
    i.ldexp                                  0x080044f8   Section        0  ldexp.o(i.ldexp)
    locale$$code                             0x08004568   Section       44  lc_numeric_c.o(locale$$code)
    locale$$code                             0x08004594   Section       44  lc_ctype_c.o(locale$$code)
    x$fpl$deqf                               0x080045c0   Section      100  deqf.o(x$fpl$deqf)
    x$fpl$drleqf                             0x08004624   Section      104  drlef.o(x$fpl$drleqf)
    x$fpl$fadd                               0x0800468c   Section      140  faddsub.o(x$fpl$fadd)
    _fadd1                                   0x08004699   Thumb Code     0  faddsub.o(x$fpl$fadd)
    x$fpl$fsub                               0x08004718   Section      208  faddsub.o(x$fpl$fsub)
    _fsub1                                   0x08004725   Thumb Code     0  faddsub.o(x$fpl$fsub)
    x$fpl$printf1                            0x080047e8   Section       16  printf1.o(x$fpl$printf1)
    x$fpl$scanf1                             0x080047f8   Section       16  scanf1.o(x$fpl$scanf1)
    x$fpl$scanf2                             0x08004808   Section       32  scanf2.o(x$fpl$scanf2)
    tenpwrs_x                                0x08004828   Data          60  bigflt0.o(.constdata)
    .constdata                               0x08004828   Section      148  bigflt0.o(.constdata)
    x$fpl$usenofp                            0x08004828   Section        0  usenofp.o(x$fpl$usenofp)
    tenpwrs_i                                0x08004864   Data          64  bigflt0.o(.constdata)
    [Anonymous Symbol]                       0x080048e0   Section        0  stm32l0xx_hal_uart.o(.rodata.cst16)
    [Anonymous Symbol]                       0x080048f0   Section        0  main.o(.rodata.str1.1)
    c$$dinf                                  0x0800494c   Section        8  fpconst.o(c$$dinf)
    c$$dmax                                  0x08004954   Section        8  fpconst.o(c$$dmax)
    locale$$data                             0x0800495c   Section       28  lc_numeric_c.o(locale$$data)
    __lcnum_c_name                           0x08004960   Data           2  lc_numeric_c.o(locale$$data)
    __lcnum_c_start                          0x08004968   Data           0  lc_numeric_c.o(locale$$data)
    __lcnum_c_point                          0x08004974   Data           0  lc_numeric_c.o(locale$$data)
    __lcnum_c_thousands                      0x08004976   Data           0  lc_numeric_c.o(locale$$data)
    __lcnum_c_grouping                       0x08004977   Data           0  lc_numeric_c.o(locale$$data)
    __lcnum_c_end                            0x08004978   Data           0  lc_numeric_c.o(locale$$data)
    locale$$data                             0x08004978   Section      272  lc_ctype_c.o(locale$$data)
    __lcctype_c_name                         0x0800497c   Data           2  lc_ctype_c.o(locale$$data)
    __lcctype_c_start                        0x08004984   Data           0  lc_ctype_c.o(locale$$data)
    __lcctype_c_end                          0x08004a88   Data           0  lc_ctype_c.o(locale$$data)
    [Anonymous Symbol]                       0x20000000   Section        0  stm32l0xx_hal.o(.data..L_MergedGlobals)
    .bss                                     0x20000010   Section       96  libspace.o(.bss)
    [Anonymous Symbol]                       0x20000070   Section        0  main.o(.bss..L_MergedGlobals)
    Heap_Mem                                 0x20000828   Data         512  startup_stm32l053xx.o(HEAP)
    HEAP                                     0x20000828   Section      512  startup_stm32l053xx.o(HEAP)
    Stack_Mem                                0x20000a28   Data        1024  startup_stm32l053xx.o(STACK)
    STACK                                    0x20000a28   Section     1024  startup_stm32l053xx.o(STACK)
    __initial_sp                             0x20000e28   Data           0  startup_stm32l053xx.o(STACK)

    Global Symbols

    Symbol Name                              Value     Ov Type        Size  Object(Section)

    BuildAttributes$$THM_ISAv3M$S$PE$A:L22$X:L11$S22$IEEE1$IW$~IW$USESV6$~STKCKD$USESV7$~SHL$OTIME$ROPI$IEEEX$EBA8$UX$STANDARDLIB$REQ8$PRES8$EABIv2 0x00000000   Number         0  anon$$obj.o ABSOLUTE
    __ARM_exceptions_init                     - Undefined Weak Reference
    __alloca_initialize                       - Undefined Weak Reference
    __arm_preinit_                            - Undefined Weak Reference
    __arm_relocate_pie_                       - Undefined Weak Reference
    __cpp_initialize__aeabi_                  - Undefined Weak Reference
    __cxa_finalize                            - Undefined Weak Reference
    __sigvec_lookup                           - Undefined Weak Reference
    _atexit_init                              - Undefined Weak Reference
    _call_atexit_fns                          - Undefined Weak Reference
    _clock_init                               - Undefined Weak Reference
    _fp_trap_init                             - Undefined Weak Reference
    _fp_trap_shutdown                         - Undefined Weak Reference
    _get_lc_collate                           - Undefined Weak Reference
    _get_lc_monetary                          - Undefined Weak Reference
    _get_lc_time                              - Undefined Weak Reference
    _getenv_init                              - Undefined Weak Reference
    _handle_redirection                       - Undefined Weak Reference
    _init_alloc                               - Undefined Weak Reference
    _init_user_alloc                          - Undefined Weak Reference
    _initio                                   - Undefined Weak Reference
    _printf_post_padding                      - Undefined Weak Reference
    _printf_pre_padding                       - Undefined Weak Reference
    _printf_truncate_signed                   - Undefined Weak Reference
    _printf_truncate_unsigned                 - Undefined Weak Reference
    _rand_init                                - Undefined Weak Reference
    _scanf_int                                - Undefined Weak Reference
    _scanf_longlong                           - Undefined Weak Reference
    _scanf_mbtowc                             - Undefined Weak Reference
    _scanf_string                             - Undefined Weak Reference
    _scanf_wctomb                             - Undefined Weak Reference
    _scanf_wstring                            - Undefined Weak Reference
    _signal_finish                            - Undefined Weak Reference
    _signal_init                              - Undefined Weak Reference
    _terminate_alloc                          - Undefined Weak Reference
    _terminate_user_alloc                     - Undefined Weak Reference
    _terminateio                              - Undefined Weak Reference
    __Vectors_Size                           0x000000c0   Number         0  startup_stm32l053xx.o ABSOLUTE
    __Vectors                                0x08000000   Data           4  startup_stm32l053xx.o(RESET)
    __Vectors_End                            0x080000c0   Data           0  startup_stm32l053xx.o(RESET)
    __main                                   0x080000c1   Thumb Code     8  __main.o(!!!main)
    __scatterload                            0x080000c9   Thumb Code     0  __scatter.o(!!!scatter)
    __scatterload_rt2                        0x080000c9   Thumb Code    52  __scatter.o(!!!scatter)
    __scatterload_rt2_thumb_only             0x080000c9   Thumb Code     0  __scatter.o(!!!scatter)
    __scatterload_null                       0x080000d9   Thumb Code     0  __scatter.o(!!!scatter)
    __scatterload_copy                       0x08000105   Thumb Code    26  __scatter_copy.o(!!handler_copy)
    __scatterload_zeroinit                   0x08000121   Thumb Code    28  __scatter_zi.o(!!handler_zi)
    _printf_percent                          0x0800013d   Thumb Code     0  _printf_percent.o(.ARM.Collect$$_printf_percent$$00000000)
    _printf_f                                0x0800013f   Thumb Code     0  _printf_f.o(.ARM.Collect$$_printf_percent$$00000003)
    _printf_d                                0x08000149   Thumb Code     0  _printf_d.o(.ARM.Collect$$_printf_percent$$00000009)
    _printf_percent_end                      0x08000153   Thumb Code     0  _printf_percent_end.o(.ARM.Collect$$_printf_percent$$00000017)
    __rt_lib_init                            0x08000157   Thumb Code     0  libinit.o(.ARM.Collect$$libinit$$00000000)
    __rt_lib_init_fp_1                       0x08000159   Thumb Code     0  libinit2.o(.ARM.Collect$$libinit$$00000002)
    __rt_lib_init_heap_1                     0x08000159   Thumb Code     0  libinit2.o(.ARM.Collect$$libinit$$0000000C)
    __rt_lib_init_lc_common                  0x08000159   Thumb Code     0  libinit2.o(.ARM.Collect$$libinit$$00000011)
    __rt_lib_init_preinit_1                  0x08000159   Thumb Code     0  libinit2.o(.ARM.Collect$$libinit$$00000006)
    __rt_lib_init_rand_1                     0x08000159   Thumb Code     0  libinit2.o(.ARM.Collect$$libinit$$00000010)
    __rt_lib_init_relocate_pie_1             0x08000159   Thumb Code     0  libinit2.o(.ARM.Collect$$libinit$$00000004)
    __rt_lib_init_user_alloc_1               0x08000159   Thumb Code     0  libinit2.o(.ARM.Collect$$libinit$$0000000E)
    __rt_lib_init_lc_collate_1               0x0800015f   Thumb Code     0  libinit2.o(.ARM.Collect$$libinit$$00000013)
    __rt_lib_init_lc_ctype_2                 0x0800015f   Thumb Code     0  libinit2.o(.ARM.Collect$$libinit$$00000014)
    __rt_lib_init_lc_ctype_1                 0x0800016b   Thumb Code     0  libinit2.o(.ARM.Collect$$libinit$$00000015)
    __rt_lib_init_lc_monetary_1              0x0800016b   Thumb Code     0  libinit2.o(.ARM.Collect$$libinit$$00000017)
    __rt_lib_init_lc_numeric_2               0x0800016b   Thumb Code     0  libinit2.o(.ARM.Collect$$libinit$$00000018)
    __rt_lib_init_alloca_1                   0x08000175   Thumb Code     0  libinit2.o(.ARM.Collect$$libinit$$00000030)
    __rt_lib_init_argv_1                     0x08000175   Thumb Code     0  libinit2.o(.ARM.Collect$$libinit$$0000002E)
    __rt_lib_init_atexit_1                   0x08000175   Thumb Code     0  libinit2.o(.ARM.Collect$$libinit$$0000001D)
    __rt_lib_init_clock_1                    0x08000175   Thumb Code     0  libinit2.o(.ARM.Collect$$libinit$$00000023)
    __rt_lib_init_cpp_1                      0x08000175   Thumb Code     0  libinit2.o(.ARM.Collect$$libinit$$00000034)
    __rt_lib_init_exceptions_1               0x08000175   Thumb Code     0  libinit2.o(.ARM.Collect$$libinit$$00000032)
    __rt_lib_init_fp_trap_1                  0x08000175   Thumb Code     0  libinit2.o(.ARM.Collect$$libinit$$00000021)
    __rt_lib_init_getenv_1                   0x08000175   Thumb Code     0  libinit2.o(.ARM.Collect$$libinit$$00000025)
    __rt_lib_init_lc_numeric_1               0x08000175   Thumb Code     0  libinit2.o(.ARM.Collect$$libinit$$00000019)
    __rt_lib_init_lc_time_1                  0x08000175   Thumb Code     0  libinit2.o(.ARM.Collect$$libinit$$0000001B)
    __rt_lib_init_return                     0x08000175   Thumb Code     0  libinit2.o(.ARM.Collect$$libinit$$00000035)
    __rt_lib_init_signal_1                   0x08000175   Thumb Code     0  libinit2.o(.ARM.Collect$$libinit$$0000001F)
    __rt_lib_init_stdio_1                    0x08000175   Thumb Code     0  libinit2.o(.ARM.Collect$$libinit$$00000027)
    __rt_lib_shutdown                        0x08000177   Thumb Code     0  libshutdown.o(.ARM.Collect$$libshutdown$$00000000)
    __rt_lib_shutdown_cpp_1                  0x08000179   Thumb Code     0  libshutdown2.o(.ARM.Collect$$libshutdown$$00000002)
    __rt_lib_shutdown_fp_trap_1              0x08000179   Thumb Code     0  libshutdown2.o(.ARM.Collect$$libshutdown$$00000007)
    __rt_lib_shutdown_heap_1                 0x08000179   Thumb Code     0  libshutdown2.o(.ARM.Collect$$libshutdown$$0000000F)
    __rt_lib_shutdown_return                 0x08000179   Thumb Code     0  libshutdown2.o(.ARM.Collect$$libshutdown$$00000010)
    __rt_lib_shutdown_signal_1               0x08000179   Thumb Code     0  libshutdown2.o(.ARM.Collect$$libshutdown$$0000000A)
    __rt_lib_shutdown_stdio_1                0x08000179   Thumb Code     0  libshutdown2.o(.ARM.Collect$$libshutdown$$00000004)
    __rt_lib_shutdown_user_alloc_1           0x08000179   Thumb Code     0  libshutdown2.o(.ARM.Collect$$libshutdown$$0000000C)
    __rt_entry                               0x0800017b   Thumb Code     0  __rtentry.o(.ARM.Collect$$rtentry$$00000000)
    __rt_entry_presh_1                       0x0800017b   Thumb Code     0  __rtentry2.o(.ARM.Collect$$rtentry$$00000002)
    __rt_entry_sh                            0x0800017b   Thumb Code     0  __rtentry4.o(.ARM.Collect$$rtentry$$00000004)
    __rt_entry_li                            0x08000181   Thumb Code     0  __rtentry2.o(.ARM.Collect$$rtentry$$0000000A)
    __rt_entry_postsh_1                      0x08000181   Thumb Code     0  __rtentry2.o(.ARM.Collect$$rtentry$$00000009)
    __rt_entry_main                          0x08000185   Thumb Code     0  __rtentry2.o(.ARM.Collect$$rtentry$$0000000D)
    __rt_entry_postli_1                      0x08000185   Thumb Code     0  __rtentry2.o(.ARM.Collect$$rtentry$$0000000C)
    __rt_exit                                0x0800018d   Thumb Code     0  rtexit.o(.ARM.Collect$$rtexit$$00000000)
    __rt_exit_ls                             0x0800018f   Thumb Code     0  rtexit2.o(.ARM.Collect$$rtexit$$00000003)
    __rt_exit_prels_1                        0x0800018f   Thumb Code     0  rtexit2.o(.ARM.Collect$$rtexit$$00000002)
    __rt_exit_exit                           0x08000193   Thumb Code     0  rtexit2.o(.ARM.Collect$$rtexit$$00000004)
    Reset_Handler                            0x08000199   Thumb Code     8  startup_stm32l053xx.o(.text)
    ADC1_COMP_IRQHandler                     0x080001ab   Thumb Code     0  startup_stm32l053xx.o(.text)
    DMA1_Channel1_IRQHandler                 0x080001ab   Thumb Code     0  startup_stm32l053xx.o(.text)
    DMA1_Channel4_5_6_7_IRQHandler           0x080001ab   Thumb Code     0  startup_stm32l053xx.o(.text)
    EXTI0_1_IRQHandler                       0x080001ab   Thumb Code     0  startup_stm32l053xx.o(.text)
    EXTI2_3_IRQHandler                       0x080001ab   Thumb Code     0  startup_stm32l053xx.o(.text)
    EXTI4_15_IRQHandler                      0x080001ab   Thumb Code     0  startup_stm32l053xx.o(.text)
    FLASH_IRQHandler                         0x080001ab   Thumb Code     0  startup_stm32l053xx.o(.text)
    I2C1_IRQHandler                          0x080001ab   Thumb Code     0  startup_stm32l053xx.o(.text)
    I2C2_IRQHandler                          0x080001ab   Thumb Code     0  startup_stm32l053xx.o(.text)
    LCD_IRQHandler                           0x080001ab   Thumb Code     0  startup_stm32l053xx.o(.text)
    LPTIM1_IRQHandler                        0x080001ab   Thumb Code     0  startup_stm32l053xx.o(.text)
    PVD_IRQHandler                           0x080001ab   Thumb Code     0  startup_stm32l053xx.o(.text)
    RCC_CRS_IRQHandler                       0x080001ab   Thumb Code     0  startup_stm32l053xx.o(.text)
    RNG_LPUART1_IRQHandler                   0x080001ab   Thumb Code     0  startup_stm32l053xx.o(.text)
    RTC_IRQHandler                           0x080001ab   Thumb Code     0  startup_stm32l053xx.o(.text)
    SPI1_IRQHandler                          0x080001ab   Thumb Code     0  startup_stm32l053xx.o(.text)
    SPI2_IRQHandler                          0x080001ab   Thumb Code     0  startup_stm32l053xx.o(.text)
    TIM21_IRQHandler                         0x080001ab   Thumb Code     0  startup_stm32l053xx.o(.text)
    TIM22_IRQHandler                         0x080001ab   Thumb Code     0  startup_stm32l053xx.o(.text)
    TIM2_IRQHandler                          0x080001ab   Thumb Code     0  startup_stm32l053xx.o(.text)
    TIM6_DAC_IRQHandler                      0x080001ab   Thumb Code     0  startup_stm32l053xx.o(.text)
    TSC_IRQHandler                           0x080001ab   Thumb Code     0  startup_stm32l053xx.o(.text)
    USART1_IRQHandler                        0x080001ab   Thumb Code     0  startup_stm32l053xx.o(.text)
    USART2_IRQHandler                        0x080001ab   Thumb Code     0  startup_stm32l053xx.o(.text)
    USB_IRQHandler                           0x080001ab   Thumb Code     0  startup_stm32l053xx.o(.text)
    WWDG_IRQHandler                          0x080001ab   Thumb Code     0  startup_stm32l053xx.o(.text)
    __user_initial_stackheap                 0x080001ad   Thumb Code     0  startup_stm32l053xx.o(.text)
    __aeabi_uldivmod                         0x080001d1   Thumb Code   272  lludiv.o(.text)
    _ll_udiv                                 0x080001d1   Thumb Code     0  lludiv.o(.text)
    __2sprintf                               0x080002e1   Thumb Code    36  noretval__2sprintf.o(.text)
    __printf                                 0x08000309   Thumb Code   108  __printf.o(.text)
    _printf_int_dec                          0x08000375   Thumb Code    90  _printf_dec.o(.text)
    __0sscanf                                0x080003e1   Thumb Code    54  __0sscanf.o(.text)
    strstr                                   0x08000421   Thumb Code    40  strstr.o(.text)
    strcpy                                   0x08000449   Thumb Code    70  strcpy.o(.text)
    strlen                                   0x08000495   Thumb Code    62  strlen.o(.text)
    _memset_w                                0x080004d9   Thumb Code    26  rt_memclr.o(.text)
    _memset                                  0x080004f3   Thumb Code    30  rt_memclr.o(.text)
    __aeabi_memclr                           0x08000511   Thumb Code     4  rt_memclr.o(.text)
    __rt_memclr                              0x08000511   Thumb Code     0  rt_memclr.o(.text)
    __aeabi_memclr4                          0x08000515   Thumb Code     0  rt_memclr.o(.text)
    __aeabi_memclr8                          0x08000515   Thumb Code     0  rt_memclr.o(.text)
    __rt_memclr_w                            0x08000515   Thumb Code     4  rt_memclr.o(.text)
    __aeabi_uidivmod                         0x08000519   Thumb Code    28  aeabi_sdivfast.o(.text)
    __aeabi_idivmod                          0x08000535   Thumb Code   472  aeabi_sdivfast.o(.text)
    __use_two_region_memory                  0x08000711   Thumb Code     2  heapauxi.o(.text)
    __rt_heap_escrow$2region                 0x08000713   Thumb Code     2  heapauxi.o(.text)
    __rt_heap_expand$2region                 0x08000715   Thumb Code     2  heapauxi.o(.text)
    __aeabi_f2d                              0x08000719   Thumb Code     0  f2d.o(.text)
    _f2d                                     0x08000719   Thumb Code    80  f2d.o(.text)
    __aeabi_f2iz                             0x0800076d   Thumb Code     0  ffixi.o(.text)
    _ffix                                    0x0800076d   Thumb Code    76  ffixi.o(.text)
    __aeabi_i2f_normalise                    0x080007b9   Thumb Code    72  fflti.o(.text)
    __aeabi_i2f                              0x08000801   Thumb Code    16  fflti.o(.text)
    _fflt                                    0x08000801   Thumb Code     0  fflti.o(.text)
    __aeabi_ui2f                             0x08000811   Thumb Code     6  fflti.o(.text)
    _ffltu                                   0x08000811   Thumb Code     0  fflti.o(.text)
    _printf_int_common                       0x08000817   Thumb Code   176  _printf_intcommon.o(.text)
    _printf_fp_dec_real                      0x08000a65   Thumb Code   620  _printf_fp_dec.o(.text)
    _printf_char_common                      0x08000ce7   Thumb Code    32  _printf_char_common.o(.text)
    _sputc                                   0x08000d0d   Thumb Code    10  _sputc.o(.text)
    _scanf_really_real                       0x08000f73   Thumb Code   710  scanf_fp.o(.text)
    __vfscanf_char                           0x08001245   Thumb Code    28  scanf_char.o(.text)
    _sgetc                                   0x08001269   Thumb Code    32  _sgetc.o(.text)
    _sbackspace                              0x08001289   Thumb Code    36  _sgetc.o(.text)
    __rt_udiv10                              0x080012ad   Thumb Code    40  rtudiv10.o(.text)
    __rt_locale                              0x080012d5   Thumb Code     8  rt_locale_intlibspace.o(.text)
    __aeabi_errno_addr                       0x080012dd   Thumb Code     8  rt_errno_addr_intlibspace.o(.text)
    __errno$intlibspace                      0x080012dd   Thumb Code     0  rt_errno_addr_intlibspace.o(.text)
    __rt_errno_addr$intlibspace              0x080012dd   Thumb Code     0  rt_errno_addr_intlibspace.o(.text)
    __aeabi_llsl                             0x080012e5   Thumb Code    32  llshl.o(.text)
    _ll_shift_l                              0x080012e5   Thumb Code     0  llshl.o(.text)
    __aeabi_lmul                             0x08001305   Thumb Code    48  llmul.o(.text)
    _ll_mul                                  0x08001305   Thumb Code     0  llmul.o(.text)
    _ll_udiv10                               0x08001335   Thumb Code   122  lludiv10.o(.text)
    isspace                                  0x080013af   Thumb Code    18  isspace.o(.text)
    _printf_fp_infnan                        0x080013c1   Thumb Code   120  _printf_fp_infnan.o(.text)
    __vfscanf                                0x08001449   Thumb Code   880  _scanf.o(.text)
    _btod_etento                             0x080017c9   Thumb Code   210  bigflt0.o(.text)
    _btod_d2e                                0x080018a1   Thumb Code    64  btod.o(.text)
    _btod_emul                               0x08001cd5   Thumb Code    28  btod.o(.text)
    _btod_emuld                              0x08001cf1   Thumb Code   144  btod.o(.text)
    _btod_ediv                               0x08001d81   Thumb Code    26  btod.o(.text)
    _btod_edivd                              0x08001d9b   Thumb Code   124  btod.o(.text)
    __user_libspace                          0x08001e21   Thumb Code     8  libspace.o(.text)
    __user_perproc_libspace                  0x08001e21   Thumb Code     0  libspace.o(.text)
    __user_perthread_libspace                0x08001e21   Thumb Code     0  libspace.o(.text)
    __user_setup_stackheap                   0x08001e29   Thumb Code    62  sys_stackheap_outer.o(.text)
    __rt_ctype_table                         0x08001e69   Thumb Code    16  rt_ctype_table.o(.text)
    __read_errno                             0x08001e79   Thumb Code    10  _rserrno.o(.text)
    __set_errno                              0x08001e83   Thumb Code    12  _rserrno.o(.text)
    _scanf_really_hex_real                   0x08001e91   Thumb Code   806  scanf_hexfp.o(.text)
    _scanf_really_infnan                     0x080021c5   Thumb Code   300  scanf_infnan.o(.text)
    exit                                     0x08002301   Thumb Code    16  exit.o(.text)
    strcmp                                   0x08002311   Thumb Code   176  strcmpv6m.o(.text)
    __aeabi_d2f                              0x080023c1   Thumb Code     0  d2f.o(.text)
    _d2f                                     0x080023c1   Thumb Code   120  d2f.o(.text)
    _chval                                   0x0800243d   Thumb Code    30  _chval.o(.text)
    __fpl_dcmp_InfNaN                        0x0800245d   Thumb Code   154  dcmpin.o(.text)
    __ARM_scalbn                             0x080024fd   Thumb Code    84  dscalbn.o(.text)
    _sys_exit                                0x0800255d   Thumb Code     8  sys_exit.o(.text)
    __fpl_cmpreturn                          0x08002569   Thumb Code    46  cmpret.o(.text)
    __fpl_dcheck_NaN2                        0x08002599   Thumb Code    14  dnan2.o(.text)
    __I$use$semihosting                      0x080025ad   Thumb Code     0  use_no_semi.o(.text)
    __use_no_semihosting_swi                 0x080025ad   Thumb Code     2  use_no_semi.o(.text)
    __fpl_return_NaN                         0x080025af   Thumb Code    94  retnan.o(.text)
    __semihosting_library_function           0x080025af   Thumb Code     0  indicate_semi.o(.text)
    DMA1_Channel2_3_IRQHandler               0x0800260d   Thumb Code    12  stm32l0xx_it.o(.text.DMA1_Channel2_3_IRQHandler)
    Error_Handler                            0x0800261d   Thumb Code     8  main.o(.text.Error_Handler)
    HAL_DMA_IRQHandler                       0x08002625   Thumb Code   212  stm32l0xx_hal_dma.o(.text.HAL_DMA_IRQHandler)
    HAL_DMA_Init                             0x080026f9   Thumb Code   148  stm32l0xx_hal_dma.o(.text.HAL_DMA_Init)
    HAL_DMA_Start_IT                         0x0800279d   Thumb Code   132  stm32l0xx_hal_dma.o(.text.HAL_DMA_Start_IT)
    HAL_Delay                                0x08002821   Thumb Code    32  stm32l0xx_hal.o(.text.HAL_Delay)
    HAL_GPIO_Init                            0x08002841   Thumb Code   388  stm32l0xx_hal_gpio.o(.text.HAL_GPIO_Init)
    HAL_GetTick                              0x080029d1   Thumb Code     8  stm32l0xx_hal.o(.text.HAL_GetTick)
    HAL_IncTick                              0x080029d9   Thumb Code    16  stm32l0xx_hal.o(.text.HAL_IncTick)
    HAL_Init                                 0x080029ed   Thumb Code    36  stm32l0xx_hal.o(.text.HAL_Init)
    HAL_InitTick                             0x08002a15   Thumb Code    60  stm32l0xx_hal.o(.text.HAL_InitTick)
    HAL_MspInit                              0x08002a59   Thumb Code    20  stm32l0xx_hal_msp.o(.text.HAL_MspInit)
    HAL_NVIC_EnableIRQ                       0x08002a71   Thumb Code    20  stm32l0xx_hal_cortex.o(.text.HAL_NVIC_EnableIRQ)
    HAL_NVIC_SetPriority                     0x08002a89   Thumb Code    48  stm32l0xx_hal_cortex.o(.text.HAL_NVIC_SetPriority)
    HAL_RCCEx_PeriphCLKConfig                0x08002ac1   Thumb Code   468  stm32l0xx_hal_rcc_ex.o(.text.HAL_RCCEx_PeriphCLKConfig)
    HAL_RCC_ClockConfig                      0x08002c9d   Thumb Code   536  stm32l0xx_hal_rcc.o(.text.HAL_RCC_ClockConfig)
    HAL_RCC_GetPCLK1Freq                     0x08002ec5   Thumb Code    20  stm32l0xx_hal_rcc.o(.text.HAL_RCC_GetPCLK1Freq)
    HAL_RCC_GetPCLK2Freq                     0x08002ed9   Thumb Code    20  stm32l0xx_hal_rcc.o(.text.HAL_RCC_GetPCLK2Freq)
    HAL_RCC_GetSysClockFreq                  0x08002ef9   Thumb Code   100  stm32l0xx_hal_rcc.o(.text.HAL_RCC_GetSysClockFreq)
    HAL_RCC_OscConfig                        0x08002f6d   Thumb Code  1372  stm32l0xx_hal_rcc.o(.text.HAL_RCC_OscConfig)
    HAL_SYSTICK_Config                       0x080034f1   Thumb Code    40  stm32l0xx_hal_cortex.o(.text.HAL_SYSTICK_Config)
    HAL_UARTEx_RxEventCallback               0x08003525   Thumb Code     2  stm32l0xx_hal_uart.o(.text.HAL_UARTEx_RxEventCallback)
    HAL_UART_ErrorCallback                   0x08003527   Thumb Code     2  stm32l0xx_hal_uart.o(.text.HAL_UART_ErrorCallback)
    HAL_UART_Init                            0x08003529   Thumb Code   200  stm32l0xx_hal_uart.o(.text.HAL_UART_Init)
    HAL_UART_MspInit                         0x080035f5   Thumb Code   192  stm32l0xx_hal_msp.o(.text.HAL_UART_MspInit)
    HAL_UART_Receive_DMA                     0x080036c9   Thumb Code   264  stm32l0xx_hal_uart.o(.text.HAL_UART_Receive_DMA)
    HAL_UART_RxCpltCallback                  0x080037e1   Thumb Code     2  stm32l0xx_hal_uart.o(.text.HAL_UART_RxCpltCallback)
    HAL_UART_RxHalfCpltCallback              0x080037e3   Thumb Code     2  stm32l0xx_hal_uart.o(.text.HAL_UART_RxHalfCpltCallback)
    HAL_UART_Transmit                        0x080037e5   Thumb Code   244  stm32l0xx_hal_uart.o(.text.HAL_UART_Transmit)
    HardFault_Handler                        0x080038dd   Thumb Code     2  stm32l0xx_it.o(.text.HardFault_Handler)
    NMI_Handler                              0x080038df   Thumb Code     2  stm32l0xx_it.o(.text.NMI_Handler)
    PendSV_Handler                           0x080038e1   Thumb Code     2  stm32l0xx_it.o(.text.PendSV_Handler)
    SVC_Handler                              0x080038e3   Thumb Code     2  stm32l0xx_it.o(.text.SVC_Handler)
    SysTick_Handler                          0x080038e5   Thumb Code     8  stm32l0xx_it.o(.text.SysTick_Handler)
    SystemInit                               0x080038ed   Thumb Code     2  system_stm32l0xx.o(.text.SystemInit)
    UART_AdvFeatureConfig                    0x080038ef   Thumb Code   210  stm32l0xx_hal_uart.o(.text.UART_AdvFeatureConfig)
    UART_SetConfig                           0x08003b19   Thumb Code   448  stm32l0xx_hal_uart.o(.text.UART_SetConfig)
    UART_WaitOnFlagUntilTimeout              0x08003d15   Thumb Code   310  stm32l0xx_hal_uart.o(.text.UART_WaitOnFlagUntilTimeout)
    main                                     0x08003e4d   Thumb Code   672  main.o(.text.main)
    __aeabi_uidiv                            0x08004129   Thumb Code    68  aeabi_sdivfast.o(.text_divfast)
    __aeabi_idiv                             0x0800416d   Thumb Code   434  aeabi_sdivfast.o(.text_divfast)
    __ARM_common_ll_muluu                    0x0800431f   Thumb Code    48  btod.o(i.__ARM_common_ll_muluu)
    __ARM_fpclassify                         0x08004351   Thumb Code    40  fpclassify.o(i.__ARM_fpclassify)
    __mathlib_dbl_overflow                   0x0800437d   Thumb Code    16  dunder.o(i.__mathlib_dbl_overflow)
    __mathlib_dbl_underflow                  0x08004391   Thumb Code    14  dunder.o(i.__mathlib_dbl_underflow)
    __mathlib_narrow                         0x080043a5   Thumb Code    16  narrow.o(i.__mathlib_narrow)
    __mathlib_tofloat                        0x080043b5   Thumb Code   190  narrow.o(i.__mathlib_tofloat)
    __support_ldexp                          0x0800447d   Thumb Code    20  ldexp.o(i.__support_ldexp)
    _is_digit                                0x08004491   Thumb Code    14  __printf_wp.o(i._is_digit)
    frexp                                    0x080044a1   Thumb Code    72  frexp.o(i.frexp)
    ldexp                                    0x080044f9   Thumb Code   112  ldexp.o(i.ldexp)
    _get_lc_numeric                          0x08004569   Thumb Code    44  lc_numeric_c.o(locale$$code)
    _get_lc_ctype                            0x08004595   Thumb Code    44  lc_ctype_c.o(locale$$code)
    __aeabi_cdcmpeq                          0x080045c1   Thumb Code     0  deqf.o(x$fpl$deqf)
    _dcmpeq                                  0x080045c1   Thumb Code    94  deqf.o(x$fpl$deqf)
    __aeabi_cdrcmple                         0x08004625   Thumb Code     0  drlef.o(x$fpl$drleqf)
    _drcmple                                 0x08004625   Thumb Code   100  drlef.o(x$fpl$drleqf)
    __aeabi_fadd                             0x0800468d   Thumb Code     0  faddsub.o(x$fpl$fadd)
    _fadd                                    0x0800468d   Thumb Code   134  faddsub.o(x$fpl$fadd)
    __aeabi_fsub                             0x08004719   Thumb Code     0  faddsub.o(x$fpl$fsub)
    _fsub                                    0x08004719   Thumb Code   204  faddsub.o(x$fpl$fsub)
    _printf_fp_dec                           0x080047e9   Thumb Code    16  printf1.o(x$fpl$printf1)
    _scanf_real                              0x080047f9   Thumb Code    16  scanf1.o(x$fpl$scanf1)
    _scanf_hex_real                          0x08004809   Thumb Code    16  scanf2.o(x$fpl$scanf2)
    _scanf_infnan                            0x08004819   Thumb Code    16  scanf2.o(x$fpl$scanf2)
    __I$use$fp                               0x08004828   Number         0  usenofp.o(x$fpl$usenofp)
    AHBPrescTable                            0x080048bc   Data          16  system_stm32l0xx.o(.rodata.AHBPrescTable)
    APBPrescTable                            0x080048cc   Data           8  system_stm32l0xx.o(.rodata.APBPrescTable)
    PLLMulTable                              0x080048d4   Data           9  system_stm32l0xx.o(.rodata.PLLMulTable)
    Region$$Table$$Base                      0x0800492c   Number         0  anon$$obj.o(Region$$Table)
    Region$$Table$$Limit                     0x0800494c   Number         0  anon$$obj.o(Region$$Table)
    __aeabi_HUGE_VAL                         0x0800494c   Data           0  fpconst.o(c$$dinf)
    __aeabi_HUGE_VALL                        0x0800494c   Data           0  fpconst.o(c$$dinf)
    __aeabi_INFINITY                         0x0800494c   Data           0  fpconst.o(c$$dinf)
    __dInf                                   0x0800494c   Data           0  fpconst.o(c$$dinf)
    __huge_val                               0x0800494c   Data           0  fpconst.o(c$$dinf)
    __dbl_max                                0x08004954   Data           0  fpconst.o(c$$dmax)
    __ctype                                  0x08004985   Data           0  lc_ctype_c.o(locale$$data)
    uwTickFreq                               0x20000000   Data           1  stm32l0xx_hal.o(.data..L_MergedGlobals)
    uwTickPrio                               0x20000004   Data           4  stm32l0xx_hal.o(.data..L_MergedGlobals)
    SystemCoreClock                          0x20000008   Data           4  system_stm32l0xx.o(.data.SystemCoreClock)
    __libspace_start                         0x20000010   Data          96  libspace.o(.bss)
    __temporary_stack_top$libspace           0x20000070   Data           0  libspace.o(.bss)
    flag                                     0x20000070   Data           1  main.o(.bss..L_MergedGlobals)
    Msgindex                                 0x20000074   Data           4  main.o(.bss..L_MergedGlobals)
    ptr                                      0x20000078   Data           4  main.o(.bss..L_MergedGlobals)
    time                                     0x2000007c   Data           4  main.o(.bss..L_MergedGlobals)
    latitude                                 0x20000080   Data           4  main.o(.bss..L_MergedGlobals)
    longitude                                0x20000084   Data           4  main.o(.bss..L_MergedGlobals)
    Hours                                    0x20000088   Data           4  main.o(.bss..L_MergedGlobals)
    Min                                      0x2000008c   Data           4  main.o(.bss..L_MergedGlobals)
    Sec                                      0x20000090   Data           4  main.o(.bss..L_MergedGlobals)
    GPS_Payyload                             0x20000094   Data         100  main.o(.bss.GPS_Payyload)
    Rxdata                                   0x200000f8   Data         750  main.o(.bss.Rxdata)
    Txdata                                   0x200003e6   Data         750  main.o(.bss.Txdata)
    hdma_usart1_rx                           0x200006d4   Data          72  main.o(.bss.hdma_usart1_rx)
    huart1                                   0x2000071c   Data         132  main.o(.bss.huart1)
    huart2                                   0x200007a0   Data         132  main.o(.bss.huart2)
    uwTick                                   0x20000824   Data           4  stm32l0xx_hal.o(.bss.uwTick)



==============================================================================

Memory Map of the image

  Image Entry point : 0x080000c1

  Load Region LR_IROM1 (Base: 0x08000000, Size: 0x00004a98, Max: 0x00010000, ABSOLUTE)

    Execution Region ER_IROM1 (Exec base: 0x08000000, Load base: 0x08000000, Size: 0x00004a88, Max: 0x00010000, ABSOLUTE)

    Exec Addr    Load Addr    Size         Type   Attr      Idx    E Section Name        Object

    0x08000000   0x08000000   0x000000c0   Data   RO            3    RESET               startup_stm32l053xx.o
    0x080000c0   0x080000c0   0x00000008   Code   RO          910  * !!!main             c_p.l(__main.o)
    0x080000c8   0x080000c8   0x0000003c   Code   RO         1254    !!!scatter          c_p.l(__scatter.o)
    0x08000104   0x08000104   0x0000001a   Code   RO         1256    !!handler_copy      c_p.l(__scatter_copy.o)
    0x0800011e   0x0800011e   0x00000002   PAD
    0x08000120   0x08000120   0x0000001c   Code   RO         1258    !!handler_zi        c_p.l(__scatter_zi.o)
    0x0800013c   0x0800013c   0x00000002   Code   RO          889    .ARM.Collect$$_printf_percent$$00000000  c_p.l(_printf_percent.o)
    0x0800013e   0x0800013e   0x0000000a   Code   RO          888    .ARM.Collect$$_printf_percent$$00000003  c_p.l(_printf_f.o)
    0x08000148   0x08000148   0x0000000a   Code   RO          887    .ARM.Collect$$_printf_percent$$00000009  c_p.l(_printf_d.o)
    0x08000152   0x08000152   0x00000004   Code   RO          947    .ARM.Collect$$_printf_percent$$00000017  c_p.l(_printf_percent_end.o)
    0x08000156   0x08000156   0x00000002   Code   RO         1064    .ARM.Collect$$libinit$$00000000  c_p.l(libinit.o)
    0x08000158   0x08000158   0x00000000   Code   RO         1066    .ARM.Collect$$libinit$$00000002  c_p.l(libinit2.o)
    0x08000158   0x08000158   0x00000000   Code   RO         1068    .ARM.Collect$$libinit$$00000004  c_p.l(libinit2.o)
    0x08000158   0x08000158   0x00000000   Code   RO         1070    .ARM.Collect$$libinit$$00000006  c_p.l(libinit2.o)
    0x08000158   0x08000158   0x00000000   Code   RO         1073    .ARM.Collect$$libinit$$0000000C  c_p.l(libinit2.o)
    0x08000158   0x08000158   0x00000000   Code   RO         1075    .ARM.Collect$$libinit$$0000000E  c_p.l(libinit2.o)
    0x08000158   0x08000158   0x00000000   Code   RO         1077    .ARM.Collect$$libinit$$00000010  c_p.l(libinit2.o)
    0x08000158   0x08000158   0x00000006   Code   RO         1078    .ARM.Collect$$libinit$$00000011  c_p.l(libinit2.o)
    0x0800015e   0x0800015e   0x00000000   Code   RO         1080    .ARM.Collect$$libinit$$00000013  c_p.l(libinit2.o)
    0x0800015e   0x0800015e   0x0000000c   Code   RO         1081    .ARM.Collect$$libinit$$00000014  c_p.l(libinit2.o)
    0x0800016a   0x0800016a   0x00000000   Code   RO         1082    .ARM.Collect$$libinit$$00000015  c_p.l(libinit2.o)
    0x0800016a   0x0800016a   0x00000000   Code   RO         1084    .ARM.Collect$$libinit$$00000017  c_p.l(libinit2.o)
    0x0800016a   0x0800016a   0x0000000a   Code   RO         1085    .ARM.Collect$$libinit$$00000018  c_p.l(libinit2.o)
    0x08000174   0x08000174   0x00000000   Code   RO         1086    .ARM.Collect$$libinit$$00000019  c_p.l(libinit2.o)
    0x08000174   0x08000174   0x00000000   Code   RO         1088    .ARM.Collect$$libinit$$0000001B  c_p.l(libinit2.o)
    0x08000174   0x08000174   0x00000000   Code   RO         1090    .ARM.Collect$$libinit$$0000001D  c_p.l(libinit2.o)
    0x08000174   0x08000174   0x00000000   Code   RO         1092    .ARM.Collect$$libinit$$0000001F  c_p.l(libinit2.o)
    0x08000174   0x08000174   0x00000000   Code   RO         1094    .ARM.Collect$$libinit$$00000021  c_p.l(libinit2.o)
    0x08000174   0x08000174   0x00000000   Code   RO         1096    .ARM.Collect$$libinit$$00000023  c_p.l(libinit2.o)
    0x08000174   0x08000174   0x00000000   Code   RO         1098    .ARM.Collect$$libinit$$00000025  c_p.l(libinit2.o)
    0x08000174   0x08000174   0x00000000   Code   RO         1100    .ARM.Collect$$libinit$$00000027  c_p.l(libinit2.o)
    0x08000174   0x08000174   0x00000000   Code   RO         1104    .ARM.Collect$$libinit$$0000002E  c_p.l(libinit2.o)
    0x08000174   0x08000174   0x00000000   Code   RO         1106    .ARM.Collect$$libinit$$00000030  c_p.l(libinit2.o)
    0x08000174   0x08000174   0x00000000   Code   RO         1108    .ARM.Collect$$libinit$$00000032  c_p.l(libinit2.o)
    0x08000174   0x08000174   0x00000000   Code   RO         1110    .ARM.Collect$$libinit$$00000034  c_p.l(libinit2.o)
    0x08000174   0x08000174   0x00000002   Code   RO         1111    .ARM.Collect$$libinit$$00000035  c_p.l(libinit2.o)
    0x08000176   0x08000176   0x00000002   Code   RO         1210    .ARM.Collect$$libshutdown$$00000000  c_p.l(libshutdown.o)
    0x08000178   0x08000178   0x00000000   Code   RO         1237    .ARM.Collect$$libshutdown$$00000002  c_p.l(libshutdown2.o)
    0x08000178   0x08000178   0x00000000   Code   RO         1239    .ARM.Collect$$libshutdown$$00000004  c_p.l(libshutdown2.o)
    0x08000178   0x08000178   0x00000000   Code   RO         1242    .ARM.Collect$$libshutdown$$00000007  c_p.l(libshutdown2.o)
    0x08000178   0x08000178   0x00000000   Code   RO         1245    .ARM.Collect$$libshutdown$$0000000A  c_p.l(libshutdown2.o)
    0x08000178   0x08000178   0x00000000   Code   RO         1247    .ARM.Collect$$libshutdown$$0000000C  c_p.l(libshutdown2.o)
    0x08000178   0x08000178   0x00000000   Code   RO         1250    .ARM.Collect$$libshutdown$$0000000F  c_p.l(libshutdown2.o)
    0x08000178   0x08000178   0x00000002   Code   RO         1251    .ARM.Collect$$libshutdown$$00000010  c_p.l(libshutdown2.o)
    0x0800017a   0x0800017a   0x00000000   Code   RO          928    .ARM.Collect$$rtentry$$00000000  c_p.l(__rtentry.o)
    0x0800017a   0x0800017a   0x00000000   Code   RO          960    .ARM.Collect$$rtentry$$00000002  c_p.l(__rtentry2.o)
    0x0800017a   0x0800017a   0x00000006   Code   RO          972    .ARM.Collect$$rtentry$$00000004  c_p.l(__rtentry4.o)
    0x08000180   0x08000180   0x00000000   Code   RO          962    .ARM.Collect$$rtentry$$00000009  c_p.l(__rtentry2.o)
    0x08000180   0x08000180   0x00000004   Code   RO          963    .ARM.Collect$$rtentry$$0000000A  c_p.l(__rtentry2.o)
    0x08000184   0x08000184   0x00000000   Code   RO          965    .ARM.Collect$$rtentry$$0000000C  c_p.l(__rtentry2.o)
    0x08000184   0x08000184   0x00000008   Code   RO          966    .ARM.Collect$$rtentry$$0000000D  c_p.l(__rtentry2.o)
    0x0800018c   0x0800018c   0x00000002   Code   RO         1123    .ARM.Collect$$rtexit$$00000000  c_p.l(rtexit.o)
    0x0800018e   0x0800018e   0x00000000   Code   RO         1157    .ARM.Collect$$rtexit$$00000002  c_p.l(rtexit2.o)
    0x0800018e   0x0800018e   0x00000004   Code   RO         1158    .ARM.Collect$$rtexit$$00000003  c_p.l(rtexit2.o)
    0x08000192   0x08000192   0x00000006   Code   RO         1159    .ARM.Collect$$rtexit$$00000004  c_p.l(rtexit2.o)
    0x08000198   0x08000198   0x00000038   Code   RO            4    .text               startup_stm32l053xx.o
    0x080001d0   0x080001d0   0x00000110   Code   RO          857    .text               c_p.l(lludiv.o)
    0x080002e0   0x080002e0   0x00000028   Code   RO          861    .text               c_p.l(noretval__2sprintf.o)
    0x08000308   0x08000308   0x0000006c   Code   RO          863    .text               c_p.l(__printf.o)
    0x08000374   0x08000374   0x0000006c   Code   RO          865    .text               c_p.l(_printf_dec.o)
    0x080003e0   0x080003e0   0x00000040   Code   RO          890    .text               c_p.l(__0sscanf.o)
    0x08000420   0x08000420   0x00000028   Code   RO          892    .text               c_p.l(strstr.o)
    0x08000448   0x08000448   0x0000004c   Code   RO          894    .text               c_p.l(strcpy.o)
    0x08000494   0x08000494   0x00000044   Code   RO          896    .text               c_p.l(strlen.o)
    0x080004d8   0x080004d8   0x00000040   Code   RO          898    .text               c_p.l(rt_memclr.o)
    0x08000518   0x08000518   0x000001f8   Code   RO          900    .text               c_p.l(aeabi_sdivfast.o)
    0x08000710   0x08000710   0x00000006   Code   RO          908    .text               c_p.l(heapauxi.o)
    0x08000716   0x08000716   0x00000002   PAD
    0x08000718   0x08000718   0x00000054   Code   RO          912    .text               fz_ps.l(f2d.o)
    0x0800076c   0x0800076c   0x0000004c   Code   RO          920    .text               fz_ps.l(ffixi.o)
    0x080007b8   0x080007b8   0x0000005e   Code   RO          922    .text               fz_ps.l(fflti.o)
    0x08000816   0x08000816   0x000000b0   Code   RO          937    .text               c_p.l(_printf_intcommon.o)
    0x080008c6   0x080008c6   0x00000002   PAD
    0x080008c8   0x080008c8   0x00000414   Code   RO          939    .text               c_p.l(_printf_fp_dec.o)
    0x08000cdc   0x08000cdc   0x00000030   Code   RO          943    .text               c_p.l(_printf_char_common.o)
    0x08000d0c   0x08000d0c   0x0000000a   Code   RO          945    .text               c_p.l(_sputc.o)
    0x08000d16   0x08000d16   0x00000002   PAD
    0x08000d18   0x08000d18   0x00000520   Code   RO          948    .text               c_p.l(scanf_fp.o)
    0x08001238   0x08001238   0x00000030   Code   RO          952    .text               c_p.l(scanf_char.o)
    0x08001268   0x08001268   0x00000044   Code   RO          954    .text               c_p.l(_sgetc.o)
    0x080012ac   0x080012ac   0x00000028   Code   RO          956    .text               c_p.l(rtudiv10.o)
    0x080012d4   0x080012d4   0x00000008   Code   RO          979    .text               c_p.l(rt_locale_intlibspace.o)
    0x080012dc   0x080012dc   0x00000008   Code   RO          984    .text               c_p.l(rt_errno_addr_intlibspace.o)
    0x080012e4   0x080012e4   0x00000020   Code   RO          986    .text               c_p.l(llshl.o)
    0x08001304   0x08001304   0x00000030   Code   RO          988    .text               c_p.l(llmul.o)
    0x08001334   0x08001334   0x0000007a   Code   RO          990    .text               c_p.l(lludiv10.o)
    0x080013ae   0x080013ae   0x00000012   Code   RO          992    .text               c_p.l(isspace.o)
    0x080013c0   0x080013c0   0x00000088   Code   RO          994    .text               c_p.l(_printf_fp_infnan.o)
    0x08001448   0x08001448   0x00000380   Code   RO          998    .text               c_p.l(_scanf.o)
    0x080017c8   0x080017c8   0x000000d8   Code   RO         1000    .text               c_p.l(bigflt0.o)
    0x080018a0   0x080018a0   0x00000580   Code   RO         1003    .text               c_p.l(btod.o)
    0x08001e20   0x08001e20   0x00000008   Code   RO         1035    .text               c_p.l(libspace.o)
    0x08001e28   0x08001e28   0x0000003e   Code   RO         1038    .text               c_p.l(sys_stackheap_outer.o)
    0x08001e66   0x08001e66   0x00000002   PAD
    0x08001e68   0x08001e68   0x00000010   Code   RO         1041    .text               c_p.l(rt_ctype_table.o)
    0x08001e78   0x08001e78   0x00000016   Code   RO         1043    .text               c_p.l(_rserrno.o)
    0x08001e8e   0x08001e8e   0x00000002   PAD
    0x08001e90   0x08001e90   0x00000334   Code   RO         1045    .text               c_p.l(scanf_hexfp.o)
    0x080021c4   0x080021c4   0x0000013c   Code   RO         1047    .text               c_p.l(scanf_infnan.o)
    0x08002300   0x08002300   0x00000010   Code   RO         1051    .text               c_p.l(exit.o)
    0x08002310   0x08002310   0x000000b0   Code   RO         1057    .text               c_p.l(strcmpv6m.o)
    0x080023c0   0x080023c0   0x0000007c   Code   RO         1112    .text               fz_ps.l(d2f.o)
    0x0800243c   0x0800243c   0x0000001e   Code   RO         1129    .text               c_p.l(_chval.o)
    0x0800245a   0x0800245a   0x00000002   PAD
    0x0800245c   0x0800245c   0x000000a0   Code   RO         1140    .text               fz_ps.l(dcmpin.o)
    0x080024fc   0x080024fc   0x00000060   Code   RO         1142    .text               fz_ps.l(dscalbn.o)
    0x0800255c   0x0800255c   0x0000000c   Code   RO         1152    .text               c_p.l(sys_exit.o)
    0x08002568   0x08002568   0x0000002e   Code   RO         1171    .text               fz_ps.l(cmpret.o)
    0x08002596   0x08002596   0x00000002   PAD
    0x08002598   0x08002598   0x00000014   Code   RO         1173    .text               fz_ps.l(dnan2.o)
    0x080025ac   0x080025ac   0x00000002   Code   RO         1197    .text               c_p.l(use_no_semi.o)
    0x080025ae   0x080025ae   0x00000000   Code   RO         1199    .text               c_p.l(indicate_semi.o)
    0x080025ae   0x080025ae   0x0000005e   Code   RO         1218    .text               fz_ps.l(retnan.o)
    0x0800260c   0x0800260c   0x00000010   Code   RO           51    .text.DMA1_Channel2_3_IRQHandler  stm32l0xx_it.o
    0x0800261c   0x0800261c   0x00000008   Code   RO           17    .text.Error_Handler  main.o
    0x08002624   0x08002624   0x000000d4   Code   RO          694    .text.HAL_DMA_IRQHandler  stm32l0xx_hal_dma.o
    0x080026f8   0x080026f8   0x000000a4   Code   RO          680    .text.HAL_DMA_Init  stm32l0xx_hal_dma.o
    0x0800279c   0x0800279c   0x00000084   Code   RO          686    .text.HAL_DMA_Start_IT  stm32l0xx_hal_dma.o
    0x08002820   0x08002820   0x00000020   Code   RO          261    .text.HAL_Delay     stm32l0xx_hal.o
    0x08002840   0x08002840   0x00000190   Code   RO          656    .text.HAL_GPIO_Init  stm32l0xx_hal_gpio.o
    0x080029d0   0x080029d0   0x00000008   Code   RO          253    .text.HAL_GetTick   stm32l0xx_hal.o
    0x080029d8   0x080029d8   0x00000014   Code   RO          251    .text.HAL_IncTick   stm32l0xx_hal.o
    0x080029ec   0x080029ec   0x00000028   Code   RO          241    .text.HAL_Init      stm32l0xx_hal.o
    0x08002a14   0x08002a14   0x00000044   Code   RO          243    .text.HAL_InitTick  stm32l0xx_hal.o
    0x08002a58   0x08002a58   0x00000018   Code   RO           60    .text.HAL_MspInit   stm32l0xx_hal_msp.o
    0x08002a70   0x08002a70   0x00000018   Code   RO          778    .text.HAL_NVIC_EnableIRQ  stm32l0xx_hal_cortex.o
    0x08002a88   0x08002a88   0x00000038   Code   RO          776    .text.HAL_NVIC_SetPriority  stm32l0xx_hal_cortex.o
    0x08002ac0   0x08002ac0   0x000001dc   Code   RO          519    .text.HAL_RCCEx_PeriphCLKConfig  stm32l0xx_hal_rcc_ex.o
    0x08002c9c   0x08002c9c   0x00000228   Code   RO          491    .text.HAL_RCC_ClockConfig  stm32l0xx_hal_rcc.o
    0x08002ec4   0x08002ec4   0x00000014   Code   RO          499    .text.HAL_RCC_GetPCLK1Freq  stm32l0xx_hal_rcc.o
    0x08002ed8   0x08002ed8   0x00000020   Code   RO          501    .text.HAL_RCC_GetPCLK2Freq  stm32l0xx_hal_rcc.o
    0x08002ef8   0x08002ef8   0x00000074   Code   RO          489    .text.HAL_RCC_GetSysClockFreq  stm32l0xx_hal_rcc.o
    0x08002f6c   0x08002f6c   0x00000584   Code   RO          487    .text.HAL_RCC_OscConfig  stm32l0xx_hal_rcc.o
    0x080034f0   0x080034f0   0x00000034   Code   RO          784    .text.HAL_SYSTICK_Config  stm32l0xx_hal_cortex.o
    0x08003524   0x08003524   0x00000002   Code   RO          162    .text.HAL_UARTEx_RxEventCallback  stm32l0xx_hal_uart.o
    0x08003526   0x08003526   0x00000002   Code   RO          160    .text.HAL_UART_ErrorCallback  stm32l0xx_hal_uart.o
    0x08003528   0x08003528   0x000000cc   Code   RO           76    .text.HAL_UART_Init  stm32l0xx_hal_uart.o
    0x080035f4   0x080035f4   0x000000d4   Code   RO           62    .text.HAL_UART_MspInit  stm32l0xx_hal_msp.o
    0x080036c8   0x080036c8   0x00000118   Code   RO          120    .text.HAL_UART_Receive_DMA  stm32l0xx_hal_uart.o
    0x080037e0   0x080037e0   0x00000002   Code   RO          168    .text.HAL_UART_RxCpltCallback  stm32l0xx_hal_uart.o
    0x080037e2   0x080037e2   0x00000002   Code   RO          170    .text.HAL_UART_RxHalfCpltCallback  stm32l0xx_hal_uart.o
    0x080037e4   0x080037e4   0x000000f8   Code   RO           96    .text.HAL_UART_Transmit  stm32l0xx_hal_uart.o
    0x080038dc   0x080038dc   0x00000002   Code   RO           43    .text.HardFault_Handler  stm32l0xx_it.o
    0x080038de   0x080038de   0x00000002   Code   RO           41    .text.NMI_Handler   stm32l0xx_it.o
    0x080038e0   0x080038e0   0x00000002   Code   RO           47    .text.PendSV_Handler  stm32l0xx_it.o
    0x080038e2   0x080038e2   0x00000002   Code   RO           45    .text.SVC_Handler   stm32l0xx_it.o
    0x080038e4   0x080038e4   0x00000008   Code   RO           49    .text.SysTick_Handler  stm32l0xx_it.o
    0x080038ec   0x080038ec   0x00000002   Code   RO          840    .text.SystemInit    system_stm32l0xx.o
    0x080038ee   0x080038ee   0x000000d2   Code   RO           82    .text.UART_AdvFeatureConfig  stm32l0xx_hal_uart.o
    0x080039c0   0x080039c0   0x000000b0   Code   RO          118    .text.UART_DMAError  stm32l0xx_hal_uart.o
    0x08003a70   0x08003a70   0x0000008c   Code   RO          198    .text.UART_DMAReceiveCplt  stm32l0xx_hal_uart.o
    0x08003afc   0x08003afc   0x0000001c   Code   RO          200    .text.UART_DMARxHalfCplt  stm32l0xx_hal_uart.o
    0x08003b18   0x08003b18   0x000001fc   Code   RO           80    .text.UART_SetConfig  stm32l0xx_hal_uart.o
    0x08003d14   0x08003d14   0x00000136   Code   RO           98    .text.UART_WaitOnFlagUntilTimeout  stm32l0xx_hal_uart.o
    0x08003e4a   0x08003e4a   0x00000002   PAD
    0x08003e4c   0x08003e4c   0x000002dc   Code   RO           11    .text.main          main.o
    0x08004128   0x08004128   0x000001f6   Code   RO          901    .text_divfast       c_p.l(aeabi_sdivfast.o)
    0x0800431e   0x0800431e   0x00000030   Code   RO         1005    i.__ARM_common_ll_muluu  c_p.l(btod.o)
    0x0800434e   0x0800434e   0x00000002   PAD
    0x08004350   0x08004350   0x0000002c   Code   RO         1027    i.__ARM_fpclassify  m_ps.l(fpclassify.o)
    0x0800437c   0x0800437c   0x00000014   Code   RO         1179    i.__mathlib_dbl_overflow  m_ps.l(dunder.o)
    0x08004390   0x08004390   0x00000014   Code   RO         1181    i.__mathlib_dbl_underflow  m_ps.l(dunder.o)
    0x080043a4   0x080043a4   0x00000010   Code   RO         1029    i.__mathlib_narrow  m_ps.l(narrow.o)
    0x080043b4   0x080043b4   0x000000c8   Code   RO         1030    i.__mathlib_tofloat  m_ps.l(narrow.o)
    0x0800447c   0x0800447c   0x00000014   Code   RO         1147    i.__support_ldexp   m_ps.l(ldexp.o)
    0x08004490   0x08004490   0x0000000e   Code   RO          877    i._is_digit         c_p.l(__printf_wp.o)
    0x0800449e   0x0800449e   0x00000002   PAD
    0x080044a0   0x080044a0   0x00000058   Code   RO         1119    i.frexp             m_ps.l(frexp.o)
    0x080044f8   0x080044f8   0x00000070   Code   RO         1148    i.ldexp             m_ps.l(ldexp.o)
    0x08004568   0x08004568   0x0000002c   Code   RO         1013    locale$$code        c_p.l(lc_numeric_c.o)
    0x08004594   0x08004594   0x0000002c   Code   RO         1132    locale$$code        c_p.l(lc_ctype_c.o)
    0x080045c0   0x080045c0   0x00000064   Code   RO         1114    x$fpl$deqf          fz_ps.l(deqf.o)
    0x08004624   0x08004624   0x00000068   Code   RO         1116    x$fpl$drleqf        fz_ps.l(drlef.o)
    0x0800468c   0x0800468c   0x0000008c   Code   RO          914    x$fpl$fadd          fz_ps.l(faddsub.o)
    0x08004718   0x08004718   0x000000d0   Code   RO          916    x$fpl$fsub          fz_ps.l(faddsub.o)
    0x080047e8   0x080047e8   0x00000010   Code   RO          924    x$fpl$printf1       fz_ps.l(printf1.o)
    0x080047f8   0x080047f8   0x00000010   Code   RO          926    x$fpl$scanf1        fz_ps.l(scanf1.o)
    0x08004808   0x08004808   0x00000020   Code   RO         1021    x$fpl$scanf2        fz_ps.l(scanf2.o)
    0x08004828   0x08004828   0x00000000   Code   RO          958    x$fpl$usenofp       fz_ps.l(usenofp.o)
    0x08004828   0x08004828   0x00000094   Data   RO         1001    .constdata          c_p.l(bigflt0.o)
    0x080048bc   0x080048bc   0x00000010   Data   RO          845    .rodata.AHBPrescTable  system_stm32l0xx.o
    0x080048cc   0x080048cc   0x00000008   Data   RO          846    .rodata.APBPrescTable  system_stm32l0xx.o
    0x080048d4   0x080048d4   0x00000009   Data   RO          847    .rodata.PLLMulTable  system_stm32l0xx.o
    0x080048dd   0x080048dd   0x00000003   PAD
    0x080048e0   0x080048e0   0x00000010   Data   RO          202    .rodata.cst16       stm32l0xx_hal_uart.o
    0x080048f0   0x080048f0   0x0000003b   Data   RO           27    .rodata.str1.1      main.o
    0x0800492b   0x0800492b   0x00000001   PAD
    0x0800492c   0x0800492c   0x00000020   Data   RO         1253    Region$$Table       anon$$obj.o
    0x0800494c   0x0800494c   0x00000008   Data   RO         1015    c$$dinf             fz_ps.l(fpconst.o)
    0x08004954   0x08004954   0x00000008   Data   RO         1018    c$$dmax             fz_ps.l(fpconst.o)
    0x0800495c   0x0800495c   0x0000001c   Data   RO         1012    locale$$data        c_p.l(lc_numeric_c.o)
    0x08004978   0x08004978   0x00000110   Data   RO         1131    locale$$data        c_p.l(lc_ctype_c.o)


    Execution Region RW_IRAM1 (Exec base: 0x20000000, Load base: 0x08004a88, Size: 0x00000e28, Max: 0x00002000, ABSOLUTE)

    Exec Addr    Load Addr    Size         Type   Attr      Idx    E Section Name        Object

    0x20000000   0x08004a88   0x00000008   Data   RW          304    .data..L_MergedGlobals  stm32l0xx_hal.o
    0x20000008   0x08004a90   0x00000004   Data   RW          844    .data.SystemCoreClock  system_stm32l0xx.o
    0x2000000c   0x08004a94   0x00000004   PAD
    0x20000010        -       0x00000060   Zero   RW         1036    .bss                c_p.l(libspace.o)
    0x20000070        -       0x00000024   Zero   RW           32    .bss..L_MergedGlobals  main.o
    0x20000094        -       0x00000064   Zero   RW           28    .bss.GPS_Payyload   main.o
    0x200000f8        -       0x000002ee   Zero   RW           24    .bss.Rxdata         main.o
    0x200003e6        -       0x000002ee   Zero   RW           26    .bss.Txdata         main.o
    0x200006d4        -       0x00000048   Zero   RW           29    .bss.hdma_usart1_rx  main.o
    0x2000071c        -       0x00000084   Zero   RW           23    .bss.huart1         main.o
    0x200007a0        -       0x00000084   Zero   RW           25    .bss.huart2         main.o
    0x20000824        -       0x00000004   Zero   RW          303    .bss.uwTick         stm32l0xx_hal.o
    0x20000828        -       0x00000200   Zero   RW            2    HEAP                startup_stm32l053xx.o
    0x20000a28        -       0x00000400   Zero   RW            1    STACK               startup_stm32l053xx.o


==============================================================================

Image component sizes


      Code (inc. data)   RO Data    RW Data    ZI Data      Debug   Object Name

       740         60         59          0       1972       8529   main.o
        56         26        192          0       1536        632   startup_stm32l053xx.o
       168         16          0          8          4       6710   stm32l0xx_hal.o
       132         24          0          0          0       6602   stm32l0xx_hal_cortex.o
       508         16          0          0          0       7928   stm32l0xx_hal_dma.o
       400         12          0          0          0       5161   stm32l0xx_hal_gpio.o
       236         24          0          0          0       4808   stm32l0xx_hal_msp.o
      2132        104          0          0          0       9624   stm32l0xx_hal_rcc.o
       476          8          0          0          0       8430   stm32l0xx_hal_rcc_ex.o
      2112        114         16          0          0      41567   stm32l0xx_hal_uart.o
        32          4          0          0          0       1128   stm32l0xx_it.o
         2          0         33          4          0       2170   system_stm32l0xx.o

    ----------------------------------------------------------------------
      6996        408        336         12       3516     103289   Object Totals
         0          0         32          0          0          0   (incl. Generated)
         2          0          4          0          4          0   (incl. Padding)

    ----------------------------------------------------------------------

      Code (inc. data)   RO Data    RW Data    ZI Data      Debug   Library Member Name

        64         10          0          0          0         84   __0sscanf.o
         8          0          0          0          0         68   __main.o
       108          0          0          0          0         76   __printf.o
        14          0          0          0          0         60   __printf_wp.o
         0          0          0          0          0          0   __rtentry.o
        12          0          0          0          0          0   __rtentry2.o
         6          0          0          0          0          0   __rtentry4.o
        60          8          0          0          0          0   __scatter.o
        26          0          0          0          0          0   __scatter_copy.o
        28          0          0          0          0          0   __scatter_zi.o
        30          0          0          0          0         60   _chval.o
        48          6          0          0          0         88   _printf_char_common.o
        10          0          0          0          0          0   _printf_d.o
       108         18          0          0          0         76   _printf_dec.o
        10          0          0          0          0          0   _printf_f.o
      1044         12          0          0          0        116   _printf_fp_dec.o
       136         16          0          0          0         76   _printf_fp_infnan.o
       176          0          0          0          0         84   _printf_intcommon.o
         2          0          0          0          0          0   _printf_percent.o
         4          0          0          0          0          0   _printf_percent_end.o
        22          0          0          0          0         92   _rserrno.o
       896         16          0          0          0         84   _scanf.o
        68          0          0          0          0         76   _sgetc.o
        10          0          0          0          0         60   _sputc.o
      1006          4          0          0          0        184   aeabi_sdivfast.o
       216          6        148          0          0         80   bigflt0.o
      1456         30          0          0          0        336   btod.o
        16          0          0          0          0         68   exit.o
         6          0          0          0          0        136   heapauxi.o
         0          0          0          0          0          0   indicate_semi.o
        18          0          0          0          0         68   isspace.o
        44         10        272          0          0         76   lc_ctype_c.o
        44         10         28          0          0         76   lc_numeric_c.o
         2          0          0          0          0          0   libinit.o
        30          0          0          0          0          0   libinit2.o
         2          0          0          0          0          0   libshutdown.o
         2          0          0          0          0          0   libshutdown2.o
         8          4          0          0         96         68   libspace.o
        48          0          0          0          0         72   llmul.o
        32          0          0          0          0         68   llshl.o
       272          0          0          0          0         88   lludiv.o
       122          0          0          0          0         72   lludiv10.o
        40          4          0          0          0         84   noretval__2sprintf.o
        16          4          0          0          0         76   rt_ctype_table.o
         8          4          0          0          0         68   rt_errno_addr_intlibspace.o
         8          4          0          0          0         68   rt_locale_intlibspace.o
        64          0          0          0          0        108   rt_memclr.o
         2          0          0          0          0          0   rtexit.o
        10          0          0          0          0          0   rtexit2.o
        40          0          0          0          0         60   rtudiv10.o
        48          8          0          0          0         84   scanf_char.o
      1312         26          0          0          0        124   scanf_fp.o
       820         14          0          0          0         84   scanf_hexfp.o
       316         16          0          0          0         84   scanf_infnan.o
       176          4          0          0          0         80   strcmpv6m.o
        76          6          0          0          0         72   strcpy.o
        68          6          0          0          0         72   strlen.o
        40          0          0          0          0         72   strstr.o
        12          4          0          0          0         60   sys_exit.o
        62          0          0          0          0         80   sys_stackheap_outer.o
         2          0          0          0          0         68   use_no_semi.o
        46          0          0          0          0         60   cmpret.o
       124          4          0          0          0         72   d2f.o
       160          6          0          0          0         76   dcmpin.o
       100          4          0          0          0         92   deqf.o
        20          6          0          0          0         68   dnan2.o
       104          4          0          0          0        104   drlef.o
        96         12          0          0          0         72   dscalbn.o
        84          4          0          0          0         60   f2d.o
       348          8          0          0          0        160   faddsub.o
        76          0          0          0          0         68   ffixi.o
        94          0          0          0          0         92   fflti.o
         0          0         16          0          0          0   fpconst.o
        16          4          0          0          0         76   printf1.o
        94          0          0          0          0         68   retnan.o
        16          4          0          0          0         76   scanf1.o
        32          8          0          0          0        100   scanf2.o
         0          0          0          0          0          0   usenofp.o
        40         10          0          0          0        136   dunder.o
        44          4          0          0          0         60   fpclassify.o
        88         16          0          0          0         72   frexp.o
       132          0          0          0          0        140   ldexp.o
       216         10          0          0          0        144   narrow.o

    ----------------------------------------------------------------------
     11284        354        464          0         96       5632   Library Totals
        20          0          0          0          0          0   (incl. Padding)

    ----------------------------------------------------------------------

      Code (inc. data)   RO Data    RW Data    ZI Data      Debug   Library Name

      9334        250        448          0         96       3836   c_p.l
      1410         64         16          0          0       1244   fz_ps.l
       520         40          0          0          0        552   m_ps.l

    ----------------------------------------------------------------------
     11284        354        464          0         96       5632   Library Totals

    ----------------------------------------------------------------------

==============================================================================


      Code (inc. data)   RO Data    RW Data    ZI Data      Debug   

     18280        762        800         12       3612     105737   Grand Totals
     18280        762        800         12       3612     105737   ELF Image Totals
     18280        762        800         12          0          0   ROM Totals

==============================================================================

    Total RO  Size (Code + RO Data)                19080 (  18.63kB)
    Total RW  Size (RW Data + ZI Data)              3624 (   3.54kB)
    Total ROM Size (Code + RO Data + RW Data)      19092 (  18.64kB)

==============================================================================

